<html>
<body>
<pre>
<h1>µVision Build Log</h1>
<h2>Tool Versions:</h2>
IDE-Version: µVision V5.23.0.0
Copyright (C) 2017 ARM Ltd and ARM Germany GmbH. All rights reserved.
License Information: Luan Steyn, Private, LIC=Z3C9U-SCP5X-SGQ7K-ZM5JM-AKNDR-N2BX9
 
Tool Versions:
Toolchain:       MDK-ARM Professional  Version: 5.23
Toolchain Path:  C:\Keil_v5\ARM\ARMCC\Bin
C Compiler:      Armcc.exe V5.06 update 4 (build 422)
Assembler:       Armasm.exe V5.06 update 4 (build 422)
Linker/Locator:  ArmLink.exe V5.06 update 4 (build 422)
Library Manager: ArmAr.exe V5.06 update 4 (build 422)
Hex Converter:   FromElf.exe V5.06 update 4 (build 422)
CPU DLL:         SARMCM3.DLL V5.23
Dialog DLL:      DCM.DLL V1.15.0.0
Target DLL:      STLink\ST-LINKIII-KEIL_SWO.dll V2.0.18.0
Dialog DLL:      TCM.DLL V1.27.0.0
 
<h2>Project:</h2>
C:\Users\project\Desktop\EPR400\STM32\RTE\Device\STM32F756VGTx\STCubeGenerated\MDK-ARM\STCubeGenerated.uvprojx
Project File Date:  08/25/2017

<h2>Output:</h2>
*** Using Compiler 'V5.06 update 4 (build 422)', folder: 'C:\Keil_v5\ARM\ARMCC\Bin'
Build target 'STCubeGenerated'
compiling stm32f7xx_hal.c...
compiling stm32f7xx_hal_pwr.c...
compiling stm32f7xx_hal_dma.c...
compiling stm32f7xx_hal_flash.c...
compiling stm32f7xx_hal_i2c.c...
compiling stm32f7xx_hal_gpio.c...
compiling stm32f7xx_hal_i2c_ex.c...
compiling stm32f7xx_hal_flash_ex.c...
compiling stm32f7xx_hal_dma_ex.c...
compiling stm32f7xx_hal_cortex.c...
compiling stm32f7xx_hal_pwr_ex.c...
compiling stm32f7xx_hal_rcc.c...
compiling stm32f7xx_hal_rcc_ex.c...
compiling stm32f7xx_hal_tim.c...
assembling startup_stm32f756xx.s...
compiling stm32f7xx_hal_uart.c...
compiling stm32f7xx_hal_tim_ex.c...
compiling system_stm32f7xx.c...
compiling stm32f7xx_hal_msp.c...
compiling main.c...
../Src/main.c(802): warning:  #223-D: function "atan2" declared implicitly
  	double theta = atan2(input.x,input.y);
../Src/main.c(804): warning:  #223-D: function "sin" declared implicitly
  	double x = A_length * sin(theta);
../Src/main.c(805): warning:  #223-D: function "cos" declared implicitly
  	double y = A_length * cos(theta);
../Src/main.c(807): warning:  #223-D: function "sqrt" declared implicitly
  	double reach = sqrt(pow(input.x-x,2)+pow(input.y-y,2));
../Src/main.c(807): warning:  #223-D: function "pow" declared implicitly
  	double reach = sqrt(pow(input.x-x,2)+pow(input.y-y,2));
../Src/main.c(812): warning:  #223-D: function "acos" declared implicitly
  	double d = acos(f);
../Src/main.c(816): warning:  #223-D: function "asin" declared implicitly
  	double c = asin(C_length * sin(d) / twoToFoot);
../Src/main.c(862): warning:  #223-D: function "cos" declared implicitly
  	result.x = x * cos(angle) - y * sin(angle);
../Src/main.c(862): warning:  #223-D: function "sin" declared implicitly
  	result.x = x * cos(angle) - y * sin(angle);
../Src/main.c(883): warning:  #223-D: function "atan2" declared implicitly
  	double trajectory = atan2(y,x);
../Src/main.c(884): warning:  #223-D: function "sqrt" declared implicitly
  	double magnitude = sqrt(pow(x,2)+pow(y,2));
../Src/main.c(884): warning:  #223-D: function "pow" declared implicitly
  	double magnitude = sqrt(pow(x,2)+pow(y,2));
../Src/main.c(898): warning:  #223-D: function "cos" declared implicitly
  	result.x = neutral.x + magnitude*cos(trajectory) + translateLeg[0][leg-1];
../Src/main.c(899): warning:  #223-D: function "sin" declared implicitly
  	result.y = neutral.y + magnitude*sin(trajectory) + translateLeg[1][leg-1];
../Src/main.c(921): warning:  #223-D: function "cos" declared implicitly
  		translateLeg[0][leg] = robotRadius * cos(leg*72/rad2deg);
../Src/main.c(922): warning:  #223-D: function "sin" declared implicitly
  		translateLeg[1][leg] = robotRadius * sin(leg*72/rad2deg);
../Src/main.c: 16 warnings, 0 errors
compiling stm32f7xx_it.c...
linking...
Program Size: Code=25834 RO-data=1262 RW-data=408 ZI-data=2408  
"STCubeGenerated\STCubeGenerated.axf" - 0 Error(s), 16 Warning(s).

<h2>Software Packages used:</h2>

Package Vendor: ARM
                http://www.keil.com/pack/ARM.CMSIS.5.0.1.pack
                ARM::CMSIS:CORE:5.0.1
                CMSIS (Cortex Microcontroller Software Interface Standard)
   * Component: CORE Version: 5.0.1

<h2>Collection of Component include folders:</h2>
  .\RTE\_STCubeGenerated
  C:\Keil_v5\ARM\PACK\ARM\CMSIS\5.0.1\CMSIS\Include
  C:\Keil_v5\ARM\PACK\Keil\STM32F7xx_DFP\2.9.0\Drivers\CMSIS\Device\ST\STM32F7xx\Include

<h2>Collection of Component Files used:</h2>

   * Component: ARM::CMSIS:CORE:5.0.1
Build Time Elapsed:  00:00:44
</pre>
</body>
</html>
