Component: ARM Compiler 5.06 update 4 (build 422) Tool: armlink [4d35d2]

==============================================================================

Section Cross References

    stm32f7xx_hal_flash.o(i.FLASH_SetErrorCode) refers to stm32f7xx_hal_flash.o(.bss) for pFlash
    stm32f7xx_hal_flash.o(i.FLASH_WaitForLastOperation) refers to stm32f7xx_hal.o(i.HAL_GetTick) for HAL_GetTick
    stm32f7xx_hal_flash.o(i.FLASH_WaitForLastOperation) refers to stm32f7xx_hal_flash.o(i.FLASH_SetErrorCode) for FLASH_SetErrorCode
    stm32f7xx_hal_flash.o(i.FLASH_WaitForLastOperation) refers to stm32f7xx_hal_flash.o(.bss) for pFlash
    stm32f7xx_hal_flash.o(i.HAL_FLASH_GetError) refers to stm32f7xx_hal_flash.o(.bss) for pFlash
    stm32f7xx_hal_flash.o(i.HAL_FLASH_IRQHandler) refers to stm32f7xx_hal_flash.o(i.HAL_FLASH_EndOfOperationCallback) for HAL_FLASH_EndOfOperationCallback
    stm32f7xx_hal_flash.o(i.HAL_FLASH_IRQHandler) refers to stm32f7xx_hal_flash_ex.o(i.FLASH_Erase_Sector) for FLASH_Erase_Sector
    stm32f7xx_hal_flash.o(i.HAL_FLASH_IRQHandler) refers to stm32f7xx_hal_flash.o(i.FLASH_SetErrorCode) for FLASH_SetErrorCode
    stm32f7xx_hal_flash.o(i.HAL_FLASH_IRQHandler) refers to stm32f7xx_hal_flash.o(i.HAL_FLASH_OperationErrorCallback) for HAL_FLASH_OperationErrorCallback
    stm32f7xx_hal_flash.o(i.HAL_FLASH_IRQHandler) refers to stm32f7xx_hal_flash.o(.bss) for pFlash
    stm32f7xx_hal_flash.o(i.HAL_FLASH_OB_Launch) refers to stm32f7xx_hal_flash.o(i.FLASH_WaitForLastOperation) for FLASH_WaitForLastOperation
    stm32f7xx_hal_flash.o(i.HAL_FLASH_Program) refers to stm32f7xx_hal_flash.o(i.FLASH_WaitForLastOperation) for FLASH_WaitForLastOperation
    stm32f7xx_hal_flash.o(i.HAL_FLASH_Program) refers to stm32f7xx_hal_flash.o(i.FLASH_Program_Byte) for FLASH_Program_Byte
    stm32f7xx_hal_flash.o(i.HAL_FLASH_Program) refers to stm32f7xx_hal_flash.o(i.FLASH_Program_HalfWord) for FLASH_Program_HalfWord
    stm32f7xx_hal_flash.o(i.HAL_FLASH_Program) refers to stm32f7xx_hal_flash.o(i.FLASH_Program_Word) for FLASH_Program_Word
    stm32f7xx_hal_flash.o(i.HAL_FLASH_Program) refers to stm32f7xx_hal_flash.o(i.FLASH_Program_DoubleWord) for FLASH_Program_DoubleWord
    stm32f7xx_hal_flash.o(i.HAL_FLASH_Program) refers to stm32f7xx_hal_flash.o(.bss) for pFlash
    stm32f7xx_hal_flash.o(i.HAL_FLASH_Program_IT) refers to stm32f7xx_hal_flash.o(i.FLASH_Program_Byte) for FLASH_Program_Byte
    stm32f7xx_hal_flash.o(i.HAL_FLASH_Program_IT) refers to stm32f7xx_hal_flash.o(i.FLASH_Program_HalfWord) for FLASH_Program_HalfWord
    stm32f7xx_hal_flash.o(i.HAL_FLASH_Program_IT) refers to stm32f7xx_hal_flash.o(i.FLASH_Program_Word) for FLASH_Program_Word
    stm32f7xx_hal_flash.o(i.HAL_FLASH_Program_IT) refers to stm32f7xx_hal_flash.o(i.FLASH_Program_DoubleWord) for FLASH_Program_DoubleWord
    stm32f7xx_hal_flash.o(i.HAL_FLASH_Program_IT) refers to stm32f7xx_hal_flash.o(.bss) for pFlash
    stm32f7xx_hal_pwr.o(i.HAL_PWR_PVD_IRQHandler) refers to stm32f7xx_hal_pwr.o(i.HAL_PWR_PVDCallback) for HAL_PWR_PVDCallback
    stm32f7xx_hal_dma.o(i.DMA_CalcBaseAndBitshift) refers to stm32f7xx_hal_dma.o(.constdata) for flagBitshiftOffset
    stm32f7xx_hal_dma.o(i.HAL_DMA_Abort) refers to stm32f7xx_hal.o(i.HAL_GetTick) for HAL_GetTick
    stm32f7xx_hal_dma.o(i.HAL_DMA_DeInit) refers to stm32f7xx_hal_dma.o(i.DMA_CalcBaseAndBitshift) for DMA_CalcBaseAndBitshift
    stm32f7xx_hal_dma.o(i.HAL_DMA_IRQHandler) refers to system_stm32f7xx.o(.data) for SystemCoreClock
    stm32f7xx_hal_dma.o(i.HAL_DMA_Init) refers to stm32f7xx_hal.o(i.HAL_GetTick) for HAL_GetTick
    stm32f7xx_hal_dma.o(i.HAL_DMA_Init) refers to stm32f7xx_hal_dma.o(i.DMA_CheckFifoParam) for DMA_CheckFifoParam
    stm32f7xx_hal_dma.o(i.HAL_DMA_Init) refers to stm32f7xx_hal_dma.o(i.DMA_CalcBaseAndBitshift) for DMA_CalcBaseAndBitshift
    stm32f7xx_hal_dma.o(i.HAL_DMA_PollForTransfer) refers to stm32f7xx_hal.o(i.HAL_GetTick) for HAL_GetTick
    stm32f7xx_hal_dma.o(i.HAL_DMA_PollForTransfer) refers to stm32f7xx_hal_dma.o(i.HAL_DMA_Abort) for HAL_DMA_Abort
    stm32f7xx_hal_dma.o(i.HAL_DMA_Start) refers to stm32f7xx_hal_dma.o(i.DMA_SetConfig) for DMA_SetConfig
    stm32f7xx_hal_dma.o(i.HAL_DMA_Start_IT) refers to stm32f7xx_hal_dma.o(i.DMA_SetConfig) for DMA_SetConfig
    stm32f7xx_hal.o(i.HAL_DeInit) refers to stm32f7xx_hal.o(i.HAL_MspDeInit) for HAL_MspDeInit
    stm32f7xx_hal.o(i.HAL_Delay) refers to stm32f7xx_hal.o(i.HAL_GetTick) for HAL_GetTick
    stm32f7xx_hal.o(i.HAL_GetTick) refers to stm32f7xx_hal.o(.data) for uwTick
    stm32f7xx_hal.o(i.HAL_IncTick) refers to stm32f7xx_hal.o(.data) for uwTick
    stm32f7xx_hal.o(i.HAL_Init) refers to stm32f7xx_hal_cortex.o(i.HAL_NVIC_SetPriorityGrouping) for HAL_NVIC_SetPriorityGrouping
    stm32f7xx_hal.o(i.HAL_Init) refers to stm32f7xx_hal.o(i.HAL_InitTick) for HAL_InitTick
    stm32f7xx_hal.o(i.HAL_Init) refers to stm32f7xx_hal_msp.o(i.HAL_MspInit) for HAL_MspInit
[...]
    Removing stm32f7xx_hal_uart.o(i.HAL_HalfDuplex_EnableReceiver), (74 bytes).
    Removing stm32f7xx_hal_uart.o(i.HAL_HalfDuplex_EnableTransmitter), (74 bytes).
    Removing stm32f7xx_hal_uart.o(i.HAL_HalfDuplex_Init), (124 bytes).
    Removing stm32f7xx_hal_uart.o(i.HAL_LIN_Init), (140 bytes).
    Removing stm32f7xx_hal_uart.o(i.HAL_LIN_SendBreak), (62 bytes).
    Removing stm32f7xx_hal_uart.o(i.HAL_MultiProcessorEx_AddressLength_Set), (64 bytes).
    Removing stm32f7xx_hal_uart.o(i.HAL_MultiProcessor_DisableMuteMode), (58 bytes).
    Removing stm32f7xx_hal_uart.o(i.HAL_MultiProcessor_EnableMuteMode), (58 bytes).
    Removing stm32f7xx_hal_uart.o(i.HAL_MultiProcessor_EnterMuteMode), (14 bytes).
    Removing stm32f7xx_hal_uart.o(i.HAL_MultiProcessor_Init), (148 bytes).
    Removing stm32f7xx_hal_uart.o(i.HAL_RS485Ex_Init), (156 bytes).
    Removing stm32f7xx_hal_uart.o(i.HAL_UART_DMAPause), (122 bytes).
    Removing stm32f7xx_hal_uart.o(i.HAL_UART_DMAResume), (120 bytes).
    Removing stm32f7xx_hal_uart.o(i.HAL_UART_DMAStop), (100 bytes).
    Removing stm32f7xx_hal_uart.o(i.HAL_UART_DeInit), (72 bytes).
    Removing stm32f7xx_hal_uart.o(i.HAL_UART_ErrorCallback), (2 bytes).
    Removing stm32f7xx_hal_uart.o(i.HAL_UART_GetError), (6 bytes).
    Removing stm32f7xx_hal_uart.o(i.HAL_UART_GetState), (20 bytes).
    Removing stm32f7xx_hal_uart.o(i.HAL_UART_MspDeInit), (2 bytes).
    Removing stm32f7xx_hal_uart.o(i.HAL_UART_MspInit), (2 bytes).
    Removing stm32f7xx_hal_uart.o(i.HAL_UART_Receive), (274 bytes).
    Removing stm32f7xx_hal_uart.o(i.HAL_UART_Receive_DMA), (172 bytes).
    Removing stm32f7xx_hal_uart.o(i.HAL_UART_RxHalfCpltCallback), (2 bytes).
    Removing stm32f7xx_hal_uart.o(i.HAL_UART_Transmit_DMA), (160 bytes).
    Removing stm32f7xx_hal_uart.o(i.HAL_UART_Transmit_IT), (90 bytes).
    Removing stm32f7xx_hal_uart.o(i.HAL_UART_TxHalfCpltCallback), (2 bytes).
    Removing stm32f7xx_hal_uart.o(i.UART_DMAError), (78 bytes).
    Removing stm32f7xx_hal_uart.o(i.UART_DMAReceiveCplt), (72 bytes).
    Removing stm32f7xx_hal_uart.o(i.UART_DMARxHalfCplt), (14 bytes).
    Removing stm32f7xx_hal_uart.o(i.UART_DMATransmitCplt), (56 bytes).
    Removing stm32f7xx_hal_uart.o(i.UART_DMATxHalfCplt), (14 bytes).
    Removing stm32f7xx_hal_uart.o(i.UART_EndTxTransfer), (20 bytes).
    Removing stm32f7xx_hal_tim_ex.o(.rev16_text), (4 bytes).
    Removing stm32f7xx_hal_tim_ex.o(.revsh_text), (4 bytes).
    Removing stm32f7xx_hal_tim_ex.o(.rrx_text), (6 bytes).
    Removing stm32f7xx_hal_tim_ex.o(i.HAL_TIMEx_ConfigBreakDeadTime), (196 bytes).
    Removing stm32f7xx_hal_tim_ex.o(i.HAL_TIMEx_ConfigCommutationEvent), (110 bytes).
    Removing stm32f7xx_hal_tim_ex.o(i.HAL_TIMEx_ConfigCommutationEvent_DMA), (144 bytes).
    Removing stm32f7xx_hal_tim_ex.o(i.HAL_TIMEx_ConfigCommutationEvent_IT), (122 bytes).
    Removing stm32f7xx_hal_tim_ex.o(i.HAL_TIMEx_GroupChannel5), (72 bytes).
    Removing stm32f7xx_hal_tim_ex.o(i.HAL_TIMEx_HallSensor_DeInit), (70 bytes).
    Removing stm32f7xx_hal_tim_ex.o(i.HAL_TIMEx_HallSensor_GetState), (8 bytes).
    Removing stm32f7xx_hal_tim_ex.o(i.HAL_TIMEx_HallSensor_Init), (200 bytes).
    Removing stm32f7xx_hal_tim_ex.o(i.HAL_TIMEx_HallSensor_MspDeInit), (2 bytes).
    Removing stm32f7xx_hal_tim_ex.o(i.HAL_TIMEx_HallSensor_MspInit), (2 bytes).
    Removing stm32f7xx_hal_tim_ex.o(i.HAL_TIMEx_HallSensor_Start), (30 bytes).
    Removing stm32f7xx_hal_tim_ex.o(i.HAL_TIMEx_HallSensor_Start_DMA), (116 bytes).
    Removing stm32f7xx_hal_tim_ex.o(i.HAL_TIMEx_HallSensor_Start_IT), (42 bytes).
    Removing stm32f7xx_hal_tim_ex.o(i.HAL_TIMEx_HallSensor_Stop), (56 bytes).
    Removing stm32f7xx_hal_tim_ex.o(i.HAL_TIMEx_HallSensor_Stop_DMA), (68 bytes).
    Removing stm32f7xx_hal_tim_ex.o(i.HAL_TIMEx_HallSensor_Stop_IT), (68 bytes).
    Removing stm32f7xx_hal_tim_ex.o(i.HAL_TIMEx_OCN_Start), (44 bytes).
    Removing stm32f7xx_hal_tim_ex.o(i.HAL_TIMEx_OCN_Start_DMA), (280 bytes).
    Removing stm32f7xx_hal_tim_ex.o(i.HAL_TIMEx_OCN_Start_IT), (132 bytes).
    Removing stm32f7xx_hal_tim_ex.o(i.HAL_TIMEx_OCN_Stop), (96 bytes).
    Removing stm32f7xx_hal_tim_ex.o(i.HAL_TIMEx_OCN_Stop_DMA), (178 bytes).
    Removing stm32f7xx_hal_tim_ex.o(i.HAL_TIMEx_OCN_Stop_IT), (198 bytes).
    Removing stm32f7xx_hal_tim_ex.o(i.HAL_TIMEx_OnePulseN_Start), (32 bytes).
    Removing stm32f7xx_hal_tim_ex.o(i.HAL_TIMEx_OnePulseN_Start_IT), (56 bytes).
    Removing stm32f7xx_hal_tim_ex.o(i.HAL_TIMEx_OnePulseN_Stop), (96 bytes).
    Removing stm32f7xx_hal_tim_ex.o(i.HAL_TIMEx_OnePulseN_Stop_IT), (120 bytes).
    Removing stm32f7xx_hal_tim_ex.o(i.HAL_TIMEx_PWMN_Start), (44 bytes).
    Removing stm32f7xx_hal_tim_ex.o(i.HAL_TIMEx_PWMN_Start_DMA), (280 bytes).
    Removing stm32f7xx_hal_tim_ex.o(i.HAL_TIMEx_PWMN_Start_IT), (132 bytes).
    Removing stm32f7xx_hal_tim_ex.o(i.HAL_TIMEx_PWMN_Stop), (96 bytes).
    Removing stm32f7xx_hal_tim_ex.o(i.HAL_TIMEx_PWMN_Stop_DMA), (178 bytes).
    Removing stm32f7xx_hal_tim_ex.o(i.HAL_TIMEx_PWMN_Stop_IT), (198 bytes).
    Removing stm32f7xx_hal_tim_ex.o(i.HAL_TIMEx_RemapConfig), (48 bytes).
    Removing stm32f7xx_hal_tim_ex.o(i.HAL_TIM_ConfigOCrefClear), (316 bytes).
    Removing stm32f7xx_hal_tim_ex.o(i.HAL_TIM_OC_ConfigChannel), (148 bytes).
    Removing stm32f7xx_hal_tim_ex.o(i.HAL_TIM_PWM_ConfigChannel), (372 bytes).
    Removing stm32f7xx_hal_tim_ex.o(i.TIMEx_DMACommutationCplt), (20 bytes).
    Removing stm32f7xx_hal_tim_ex.o(i.TIM_CCxNChannelCmd), (28 bytes).
    Removing stm32f7xx_hal_tim_ex.o(i.TIM_OC5_SetConfig), (88 bytes).
    Removing stm32f7xx_hal_tim_ex.o(i.TIM_OC6_SetConfig), (88 bytes).
    Removing system_stm32f7xx.o(.rev16_text), (4 bytes).
    Removing system_stm32f7xx.o(.revsh_text), (4 bytes).
    Removing system_stm32f7xx.o(.rrx_text), (6 bytes).
    Removing system_stm32f7xx.o(i.SystemCoreClockUpdate), (192 bytes).
    Removing stm32f7xx_hal_msp.o(.rev16_text), (4 bytes).
    Removing stm32f7xx_hal_msp.o(.revsh_text), (4 bytes).
    Removing stm32f7xx_hal_msp.o(.rrx_text), (6 bytes).
    Removing stm32f7xx_hal_msp.o(i.HAL_I2C_MspDeInit), (48 bytes).
    Removing stm32f7xx_hal_msp.o(i.HAL_TIM_Base_MspDeInit), (72 bytes).
    Removing stm32f7xx_hal_msp.o(i.HAL_UART_MspDeInit), (104 bytes).
    Removing main.o(.rev16_text), (4 bytes).
    Removing main.o(.revsh_text), (4 bytes).
    Removing main.o(.rrx_text), (6 bytes).
    Removing main.o(i.CheckBounds), (100 bytes).
    Removing main.o(i.ResetLeg), (180 bytes).
    Removing stm32f7xx_it.o(.rev16_text), (4 bytes).
    Removing stm32f7xx_it.o(.revsh_text), (4 bytes).
    Removing stm32f7xx_it.o(.rrx_text), (6 bytes).
    Removing dneg.o(.text), (6 bytes).
    Removing cdcmple.o(.text), (48 bytes).

436 unused section(s) (total 41526 bytes) removed from the image.

==============================================================================

Image Symbol Table

    Local Symbols

    Symbol Name                              Value     Ov Type        Size  Object(Section)

    ../Drivers/STM32F7xx_HAL_Driver/Src/stm32f7xx_hal.c 0x00000000   Number         0  stm32f7xx_hal.o ABSOLUTE
    ../Drivers/STM32F7xx_HAL_Driver/Src/stm32f7xx_hal_cortex.c 0x00000000   Number         0  stm32f7xx_hal_cortex.o ABSOLUTE
    ../Drivers/STM32F7xx_HAL_Driver/Src/stm32f7xx_hal_dma.c 0x00000000   Number         0  stm32f7xx_hal_dma.o ABSOLUTE
    ../Drivers/STM32F7xx_HAL_Driver/Src/stm32f7xx_hal_dma_ex.c 0x00000000   Number         0  stm32f7xx_hal_dma_ex.o ABSOLUTE
    ../Drivers/STM32F7xx_HAL_Driver/Src/stm32f7xx_hal_flash.c 0x00000000   Number         0  stm32f7xx_hal_flash.o ABSOLUTE
    ../Drivers/STM32F7xx_HAL_Driver/Src/stm32f7xx_hal_flash_ex.c 0x00000000   Number         0  stm32f7xx_hal_flash_ex.o ABSOLUTE
    ../Drivers/STM32F7xx_HAL_Driver/Src/stm32f7xx_hal_gpio.c 0x00000000   Number         0  stm32f7xx_hal_gpio.o ABSOLUTE
    ../Drivers/STM32F7xx_HAL_Driver/Src/stm32f7xx_hal_i2c.c 0x00000000   Number         0  stm32f7xx_hal_i2c.o ABSOLUTE
    ../Drivers/STM32F7xx_HAL_Driver/Src/stm32f7xx_hal_i2c_ex.c 0x00000000   Number         0  stm32f7xx_hal_i2c_ex.o ABSOLUTE
    ../Drivers/STM32F7xx_HAL_Driver/Src/stm32f7xx_hal_pwr.c 0x00000000   Number         0  stm32f7xx_hal_pwr.o ABSOLUTE
    ../Drivers/STM32F7xx_HAL_Driver/Src/stm32f7xx_hal_pwr_ex.c 0x00000000   Number         0  stm32f7xx_hal_pwr_ex.o ABSOLUTE
    ../Drivers/STM32F7xx_HAL_Driver/Src/stm32f7xx_hal_rcc.c 0x00000000   Number         0  stm32f7xx_hal_rcc.o ABSOLUTE
    ../Drivers/STM32F7xx_HAL_Driver/Src/stm32f7xx_hal_rcc_ex.c 0x00000000   Number         0  stm32f7xx_hal_rcc_ex.o ABSOLUTE
    ../Drivers/STM32F7xx_HAL_Driver/Src/stm32f7xx_hal_tim.c 0x00000000   Number         0  stm32f7xx_hal_tim.o ABSOLUTE
    ../Drivers/STM32F7xx_HAL_Driver/Src/stm32f7xx_hal_tim_ex.c 0x00000000   Number         0  stm32f7xx_hal_tim_ex.o ABSOLUTE
    ../Drivers/STM32F7xx_HAL_Driver/Src/stm32f7xx_hal_uart.c 0x00000000   Number         0  stm32f7xx_hal_uart.o ABSOLUTE
    ../Src/main.c                            0x00000000   Number         0  main.o ABSOLUTE
    ../Src/stm32f7xx_hal_msp.c               0x00000000   Number         0  stm32f7xx_hal_msp.o ABSOLUTE
    ../Src/stm32f7xx_it.c                    0x00000000   Number         0  stm32f7xx_it.o ABSOLUTE
    ../Src/system_stm32f7xx.c                0x00000000   Number         0  system_stm32f7xx.o ABSOLUTE
    ../clib/../cmprslib/zerorunl2.c          0x00000000   Number         0  __dczerorl2.o ABSOLUTE
    ../clib/microlib/errno.c                 0x00000000   Number         0  errno.o ABSOLUTE
    ../clib/microlib/init/entry.s            0x00000000   Number         0  entry8b.o ABSOLUTE
    ../clib/microlib/init/entry.s            0x00000000   Number         0  entry7b.o ABSOLUTE
    ../clib/microlib/init/entry.s            0x00000000   Number         0  entry9a.o ABSOLUTE
    ../clib/microlib/init/entry.s            0x00000000   Number         0  entry7a.o ABSOLUTE
    ../clib/microlib/init/entry.s            0x00000000   Number         0  entry9b.o ABSOLUTE
    ../clib/microlib/init/entry.s            0x00000000   Number         0  entry10a.o ABSOLUTE
    ../clib/microlib/init/entry.s            0x00000000   Number         0  entry5.o ABSOLUTE
    ../clib/microlib/init/entry.s            0x00000000   Number         0  entry2.o ABSOLUTE
    ../clib/microlib/init/entry.s            0x00000000   Number         0  entry10b.o ABSOLUTE
    ../clib/microlib/init/entry.s            0x00000000   Number         0  entry11b.o ABSOLUTE
    ../clib/microlib/init/entry.s            0x00000000   Number         0  entry.o ABSOLUTE
    ../clib/microlib/init/entry.s            0x00000000   Number         0  entry11a.o ABSOLUTE
    ../clib/microlib/init/entry.s            0x00000000   Number         0  entry8a.o ABSOLUTE
    ../clib/microlib/longlong.c              0x00000000   Number         0  llsshr.o ABSOLUTE
    ../clib/microlib/longlong.c              0x00000000   Number         0  llushr.o ABSOLUTE
    ../clib/microlib/longlong.c              0x00000000   Number         0  llshl.o ABSOLUTE
    ../clib/microlib/malloc/malloc.c         0x00000000   Number         0  malloc.o ABSOLUTE
    ../clib/microlib/malloc/malloc.c         0x00000000   Number         0  mallocr.o ABSOLUTE
    ../clib/microlib/malloc/malloc.c         0x00000000   Number         0  malloca.o ABSOLUTE
    ../clib/microlib/malloc/malloc.c         0x00000000   Number         0  mallocra.o ABSOLUTE
    ../clib/microlib/malloc/mvars.c          0x00000000   Number         0  mvars.o ABSOLUTE
    ../clib/microlib/string/memcpy.c         0x00000000   Number         0  memcpyb.o ABSOLUTE
    ../clib/microlib/string/memcpy.c         0x00000000   Number         0  memcpya.o ABSOLUTE
    ../clib/microlib/stubs.s                 0x00000000   Number         0  iusefp.o ABSOLUTE
    ../fplib/microlib/fpadd.c                0x00000000   Number         0  dadd.o ABSOLUTE
    ../fplib/microlib/fpdiv.c                0x00000000   Number         0  ddiv.o ABSOLUTE
    ../fplib/microlib/fpepilogue.c           0x00000000   Number         0  depilogue.o ABSOLUTE
    ../fplib/microlib/fpfix.c                0x00000000   Number         0  dfixi.o ABSOLUTE
    ../fplib/microlib/fpflt.c                0x00000000   Number         0  dflti.o ABSOLUTE
    ../fplib/microlib/fpflt.c                0x00000000   Number         0  dfltui.o ABSOLUTE
    ../fplib/microlib/fpmul.c                0x00000000   Number         0  dmul.o ABSOLUTE
    ../fplib/microlib/fpneg.c                0x00000000   Number         0  dneg.o ABSOLUTE
    ../fplib/microlib/fpscalb.c              0x00000000   Number         0  dscalb.o ABSOLUTE
    ../fplib/microlib/fpsqrt.c               0x00000000   Number         0  dsqrt.o ABSOLUTE
    ../mathlib/acos.c                        0x00000000   Number         0  acos_x.o ABSOLUTE
    ../mathlib/acos.c                        0x00000000   Number         0  acos.o ABSOLUTE
    ../mathlib/asin.c                        0x00000000   Number         0  asin_x.o ABSOLUTE
    ../mathlib/asin.c                        0x00000000   Number         0  asin.o ABSOLUTE
    ../mathlib/atan.c                        0x00000000   Number         0  atan.o ABSOLUTE
    ../mathlib/atan.c                        0x00000000   Number         0  atan_x.o ABSOLUTE
    ../mathlib/atan2.c                       0x00000000   Number         0  atan2_x.o ABSOLUTE
    ../mathlib/atan2.c                       0x00000000   Number         0  atan2.o ABSOLUTE
    ../mathlib/cos.c                         0x00000000   Number         0  cos_x.o ABSOLUTE
    ../mathlib/cos.c                         0x00000000   Number         0  cos.o ABSOLUTE
    ../mathlib/cos_i.c                       0x00000000   Number         0  cos_i.o ABSOLUTE
    ../mathlib/dunder.c                      0x00000000   Number         0  dunder.o ABSOLUTE
    ../mathlib/fabs.c                        0x00000000   Number         0  fabs.o ABSOLUTE
    ../mathlib/fpclassify.c                  0x00000000   Number         0  fpclassify.o ABSOLUTE
    ../mathlib/poly.c                        0x00000000   Number         0  poly.o ABSOLUTE
    ../mathlib/pow.c                         0x00000000   Number         0  pow.o ABSOLUTE
    ../mathlib/pow.c                         0x00000000   Number         0  pow_x.o ABSOLUTE
    ../mathlib/qnan.c                        0x00000000   Number         0  qnan.o ABSOLUTE
    ../mathlib/rred.c                        0x00000000   Number         0  rred.o ABSOLUTE
    ../mathlib/sin.c                         0x00000000   Number         0  sin_x.o ABSOLUTE
    ../mathlib/sin.c                         0x00000000   Number         0  sin.o ABSOLUTE
    ../mathlib/sin_i.c                       0x00000000   Number         0  sin_i_x.o ABSOLUTE
    ../mathlib/sin_i.c                       0x00000000   Number         0  sin_i.o ABSOLUTE
    ../mathlib/sqrt.c                        0x00000000   Number         0  sqrt.o ABSOLUTE
    ../mathlib/sqrt.c                        0x00000000   Number         0  sqrt_x.o ABSOLUTE
    ..\Drivers\STM32F7xx_HAL_Driver\Src\stm32f7xx_hal.c 0x00000000   Number         0  stm32f7xx_hal.o ABSOLUTE
    ..\Drivers\STM32F7xx_HAL_Driver\Src\stm32f7xx_hal_cortex.c 0x00000000   Number         0  stm32f7xx_hal_cortex.o ABSOLUTE
    ..\Drivers\STM32F7xx_HAL_Driver\Src\stm32f7xx_hal_dma.c 0x00000000   Number         0  stm32f7xx_hal_dma.o ABSOLUTE
    ..\Drivers\STM32F7xx_HAL_Driver\Src\stm32f7xx_hal_dma_ex.c 0x00000000   Number         0  stm32f7xx_hal_dma_ex.o ABSOLUTE
    ..\Drivers\STM32F7xx_HAL_Driver\Src\stm32f7xx_hal_flash.c 0x00000000   Number         0  stm32f7xx_hal_flash.o ABSOLUTE
    ..\Drivers\STM32F7xx_HAL_Driver\Src\stm32f7xx_hal_flash_ex.c 0x00000000   Number         0  stm32f7xx_hal_flash_ex.o ABSOLUTE
    ..\Drivers\STM32F7xx_HAL_Driver\Src\stm32f7xx_hal_gpio.c 0x00000000   Number         0  stm32f7xx_hal_gpio.o ABSOLUTE
    ..\Drivers\STM32F7xx_HAL_Driver\Src\stm32f7xx_hal_i2c.c 0x00000000   Number         0  stm32f7xx_hal_i2c.o ABSOLUTE
    ..\Drivers\STM32F7xx_HAL_Driver\Src\stm32f7xx_hal_i2c_ex.c 0x00000000   Number         0  stm32f7xx_hal_i2c_ex.o ABSOLUTE
    ..\Drivers\STM32F7xx_HAL_Driver\Src\stm32f7xx_hal_pwr.c 0x00000000   Number         0  stm32f7xx_hal_pwr.o ABSOLUTE
    ..\Drivers\STM32F7xx_HAL_Driver\Src\stm32f7xx_hal_pwr_ex.c 0x00000000   Number         0  stm32f7xx_hal_pwr_ex.o ABSOLUTE
    ..\Drivers\STM32F7xx_HAL_Driver\Src\stm32f7xx_hal_rcc.c 0x00000000   Number         0  stm32f7xx_hal_rcc.o ABSOLUTE
    ..\Drivers\STM32F7xx_HAL_Driver\Src\stm32f7xx_hal_rcc_ex.c 0x00000000   Number         0  stm32f7xx_hal_rcc_ex.o ABSOLUTE
    ..\Drivers\STM32F7xx_HAL_Driver\Src\stm32f7xx_hal_tim.c 0x00000000   Number         0  stm32f7xx_hal_tim.o ABSOLUTE
    ..\Drivers\STM32F7xx_HAL_Driver\Src\stm32f7xx_hal_tim_ex.c 0x00000000   Number         0  stm32f7xx_hal_tim_ex.o ABSOLUTE
    ..\Drivers\STM32F7xx_HAL_Driver\Src\stm32f7xx_hal_uart.c 0x00000000   Number         0  stm32f7xx_hal_uart.o ABSOLUTE
    ..\Src\main.c                            0x00000000   Number         0  main.o ABSOLUTE
    ..\Src\stm32f7xx_hal_msp.c               0x00000000   Number         0  stm32f7xx_hal_msp.o ABSOLUTE
    ..\Src\stm32f7xx_it.c                    0x00000000   Number         0  stm32f7xx_it.o ABSOLUTE
    ..\Src\system_stm32f7xx.c                0x00000000   Number         0  system_stm32f7xx.o ABSOLUTE
    cdcmple.s                                0x00000000   Number         0  cdcmple.o ABSOLUTE
    cdrcmple.s                               0x00000000   Number         0  cdrcmple.o ABSOLUTE
    dc.s                                     0x00000000   Number         0  dc.o ABSOLUTE
    handlers.s                               0x00000000   Number         0  handlers.o ABSOLUTE
    init.s                                   0x00000000   Number         0  init.o ABSOLUTE
    startup_stm32f756xx.s                    0x00000000   Number         0  startup_stm32f756xx.o ABSOLUTE
    RESET                                    0x08000000   Section      456  startup_stm32f756xx.o(RESET)
    .ARM.Collect$$$$00000000                 0x080001c8   Section        0  entry.o(.ARM.Collect$$$$00000000)
    .ARM.Collect$$$$00000001                 0x080001c8   Section        4  entry2.o(.ARM.Collect$$$$00000001)
    .ARM.Collect$$$$00000004                 0x080001cc   Section        4  entry5.o(.ARM.Collect$$$$00000004)
    .ARM.Collect$$$$00000008                 0x080001d0   Section        0  entry7b.o(.ARM.Collect$$$$00000008)
    .ARM.Collect$$$$0000000A                 0x080001d0   Section        0  entry8b.o(.ARM.Collect$$$$0000000A)
    .ARM.Collect$$$$0000000B                 0x080001d0   Section        8  entry9a.o(.ARM.Collect$$$$0000000B)
    .ARM.Collect$$$$0000000D                 0x080001d8   Section        0  entry10a.o(.ARM.Collect$$$$0000000D)
    .ARM.Collect$$$$0000000F                 0x080001d8   Section        0  entry11a.o(.ARM.Collect$$$$0000000F)
    .ARM.Collect$$$$00002712                 0x080001d8   Section        4  entry2.o(.ARM.Collect$$$$00002712)
    __lit__00000000                          0x080001d8   Data           4  entry2.o(.ARM.Collect$$$$00002712)
    .text                                    0x080001dc   Section       36  startup_stm32f756xx.o(.text)
    $v0                                      0x080001dc   Number         0  startup_stm32f756xx.o(.text)
    .text                                    0x08000200   Section        0  dadd.o(.text)
    .text                                    0x0800034e   Section        0  dmul.o(.text)
    .text                                    0x08000432   Section        0  ddiv.o(.text)
    .text                                    0x08000510   Section        0  dflti.o(.text)
    .text                                    0x08000532   Section        0  dfixi.o(.text)
    .text                                    0x08000570   Section        0  llshl.o(.text)
    .text                                    0x0800058e   Section        0  llushr.o(.text)
    .text                                    0x080005ae   Section        0  llsshr.o(.text)
    .text                                    0x080005d2   Section        0  depilogue.o(.text)
    .text                                    0x080005d2   Section        0  iusefp.o(.text)
    .text                                    0x0800068c   Section        0  dscalb.o(.text)
    .text                                    0x080006ba   Section        0  dsqrt.o(.text)
    .text                                    0x0800075c   Section       48  cdrcmple.o(.text)
    .text                                    0x0800078c   Section       36  init.o(.text)
    .text                                    0x080007b0   Section        0  dfltui.o(.text)
    .text                                    0x080007ca   Section        0  __dczerorl2.o(.text)
    i.BusFault_Handler                       0x08000820   Section        0  stm32f7xx_it.o(i.BusFault_Handler)
    i.Debug                                  0x08000824   Section        0  main.o(i.Debug)
    i.DebugMon_Handler                       0x0800086c   Section        0  stm32f7xx_it.o(i.DebugMon_Handler)
    i.HAL_DMA_Abort_IT                       0x0800086e   Section        0  stm32f7xx_hal_dma.o(i.HAL_DMA_Abort_IT)
    i.HAL_GPIO_Init                          0x08000898   Section        0  stm32f7xx_hal_gpio.o(i.HAL_GPIO_Init)
    i.HAL_GPIO_TogglePin                     0x08000ab0   Section        0  stm32f7xx_hal_gpio.o(i.HAL_GPIO_TogglePin)
    i.HAL_GPIO_WritePin                      0x08000ab8   Section        0  stm32f7xx_hal_gpio.o(i.HAL_GPIO_WritePin)
    i.HAL_GetTick                            0x08000ac4   Section        0  stm32f7xx_hal.o(i.HAL_GetTick)
    i.HAL_I2CEx_ConfigAnalogFilter           0x08000ad0   Section        0  stm32f7xx_hal_i2c_ex.o(i.HAL_I2CEx_ConfigAnalogFilter)
    i.HAL_I2CEx_ConfigDigitalFilter          0x08000b3a   Section        0  stm32f7xx_hal_i2c_ex.o(i.HAL_I2CEx_ConfigDigitalFilter)
    i.HAL_I2C_Init                           0x08000ba4   Section        0  stm32f7xx_hal_i2c.o(i.HAL_I2C_Init)
    i.HAL_I2C_MspInit                        0x08000c68   Section        0  stm32f7xx_hal_msp.o(i.HAL_I2C_MspInit)
    i.HAL_IncTick                            0x08000cc0   Section        0  stm32f7xx_hal.o(i.HAL_IncTick)
    i.HAL_Init                               0x08000cd0   Section        0  stm32f7xx_hal.o(i.HAL_Init)
    i.HAL_InitTick                           0x08000ce8   Section        0  stm32f7xx_hal.o(i.HAL_InitTick)
    i.HAL_MspInit                            0x08000d10   Section        0  stm32f7xx_hal_msp.o(i.HAL_MspInit)
    i.HAL_NVIC_EnableIRQ                     0x08000d66   Section        0  stm32f7xx_hal_cortex.o(i.HAL_NVIC_EnableIRQ)
    i.HAL_NVIC_SetPriority                   0x08000d80   Section        0  stm32f7xx_hal_cortex.o(i.HAL_NVIC_SetPriority)
    i.HAL_NVIC_SetPriorityGrouping           0x08000dfc   Section        0  stm32f7xx_hal_cortex.o(i.HAL_NVIC_SetPriorityGrouping)
    i.HAL_PWREx_EnableOverDrive              0x08000e24   Section        0  stm32f7xx_hal_pwr_ex.o(i.HAL_PWREx_EnableOverDrive)
    i.HAL_RCCEx_PeriphCLKConfig              0x08000eb4   Section        0  stm32f7xx_hal_rcc_ex.o(i.HAL_RCCEx_PeriphCLKConfig)
    i.HAL_RCC_ClockConfig                    0x080017cc   Section        0  stm32f7xx_hal_rcc.o(i.HAL_RCC_ClockConfig)
    i.HAL_RCC_GetHCLKFreq                    0x08001980   Section        0  stm32f7xx_hal_rcc.o(i.HAL_RCC_GetHCLKFreq)
    i.HAL_RCC_GetPCLK1Freq                   0x0800198c   Section        0  stm32f7xx_hal_rcc.o(i.HAL_RCC_GetPCLK1Freq)
    i.HAL_RCC_GetPCLK2Freq                   0x080019b8   Section        0  stm32f7xx_hal_rcc.o(i.HAL_RCC_GetPCLK2Freq)
    i.HAL_RCC_GetSysClockFreq                0x080019e4   Section        0  stm32f7xx_hal_rcc.o(i.HAL_RCC_GetSysClockFreq)
    i.HAL_RCC_OscConfig                      0x08001a98   Section        0  stm32f7xx_hal_rcc.o(i.HAL_RCC_OscConfig)
    i.HAL_SYSTICK_CLKSourceConfig            0x08001f80   Section        0  stm32f7xx_hal_cortex.o(i.HAL_SYSTICK_CLKSourceConfig)
    i.HAL_SYSTICK_Callback                   0x08001fa8   Section        0  stm32f7xx_hal_cortex.o(i.HAL_SYSTICK_Callback)
    i.HAL_SYSTICK_Config                     0x08001faa   Section        0  stm32f7xx_hal_cortex.o(i.HAL_SYSTICK_Config)
    i.HAL_SYSTICK_IRQHandler                 0x08001fde   Section        0  stm32f7xx_hal_cortex.o(i.HAL_SYSTICK_IRQHandler)
    i.HAL_TIMEx_BreakCallback                0x08001fe6   Section        0  stm32f7xx_hal_tim_ex.o(i.HAL_TIMEx_BreakCallback)
    i.HAL_TIMEx_CommutationCallback          0x08001fe8   Section        0  stm32f7xx_hal_tim_ex.o(i.HAL_TIMEx_CommutationCallback)
    i.HAL_TIMEx_MasterConfigSynchronization  0x08001fec   Section        0  stm32f7xx_hal_tim_ex.o(i.HAL_TIMEx_MasterConfigSynchronization)
    i.HAL_TIM_Base_Init                      0x08002058   Section        0  stm32f7xx_hal_tim.o(i.HAL_TIM_Base_Init)
    i.HAL_TIM_Base_MspInit                   0x0800208c   Section        0  stm32f7xx_hal_msp.o(i.HAL_TIM_Base_MspInit)
    i.HAL_TIM_Base_Start                     0x08002108   Section        0  stm32f7xx_hal_tim.o(i.HAL_TIM_Base_Start)
    i.HAL_TIM_Base_Start_IT                  0x08002126   Section        0  stm32f7xx_hal_tim.o(i.HAL_TIM_Base_Start_IT)
    i.HAL_TIM_Base_Stop                      0x08002144   Section        0  stm32f7xx_hal_tim.o(i.HAL_TIM_Base_Stop)
    i.HAL_TIM_IC_CaptureCallback             0x0800217c   Section        0  stm32f7xx_hal_tim.o(i.HAL_TIM_IC_CaptureCallback)
    i.HAL_TIM_IRQHandler                     0x0800217e   Section        0  stm32f7xx_hal_tim.o(i.HAL_TIM_IRQHandler)
    i.HAL_TIM_OC_DelayElapsedCallback        0x08002336   Section        0  stm32f7xx_hal_tim.o(i.HAL_TIM_OC_DelayElapsedCallback)
    i.HAL_TIM_PWM_PulseFinishedCallback      0x08002338   Section        0  stm32f7xx_hal_tim.o(i.HAL_TIM_PWM_PulseFinishedCallback)
    i.HAL_TIM_PeriodElapsedCallback          0x0800233c   Section        0  main.o(i.HAL_TIM_PeriodElapsedCallback)
    i.HAL_TIM_TriggerCallback                0x080025a0   Section        0  stm32f7xx_hal_tim.o(i.HAL_TIM_TriggerCallback)
    i.HAL_UART_ErrorCallback                 0x080025a4   Section        0  main.o(i.HAL_UART_ErrorCallback)
    i.HAL_UART_IRQHandler                    0x080025c4   Section        0  stm32f7xx_hal_uart.o(i.HAL_UART_IRQHandler)
    i.HAL_UART_Init                          0x08002724   Section        0  stm32f7xx_hal_uart.o(i.HAL_UART_Init)
    i.HAL_UART_MspInit                       0x0800279c   Section        0  stm32f7xx_hal_msp.o(i.HAL_UART_MspInit)
    i.HAL_UART_Receive_IT                    0x08002864   Section        0  stm32f7xx_hal_uart.o(i.HAL_UART_Receive_IT)
    i.HAL_UART_RxCpltCallback                0x08002920   Section        0  stm32f7xx_hal_uart.o(i.HAL_UART_RxCpltCallback)
    i.HAL_UART_Transmit                      0x08002922   Section        0  stm32f7xx_hal_uart.o(i.HAL_UART_Transmit)
    i.HAL_UART_TxCpltCallback                0x080029e8   Section        0  stm32f7xx_hal_uart.o(i.HAL_UART_TxCpltCallback)
    i.HardFault_Handler                      0x080029ea   Section        0  stm32f7xx_it.o(i.HardFault_Handler)
    i.IK                                     0x080029f0   Section        0  main.o(i.IK)
    i.MX_GPIO_Init                           0x08002e2c   Section        0  main.o(i.MX_GPIO_Init)
    MX_GPIO_Init                             0x08002e2d   Thumb Code   374  main.o(i.MX_GPIO_Init)
    i.MX_I2C1_Init                           0x08002fbc   Section        0  main.o(i.MX_I2C1_Init)
    MX_I2C1_Init                             0x08002fbd   Thumb Code    92  main.o(i.MX_I2C1_Init)
    i.MX_TIM6_Init                           0x08003034   Section        0  main.o(i.MX_TIM6_Init)
    MX_TIM6_Init                             0x08003035   Thumb Code    66  main.o(i.MX_TIM6_Init)
    i.MX_TIM7_Init                           0x08003090   Section        0  main.o(i.MX_TIM7_Init)
    MX_TIM7_Init                             0x08003091   Thumb Code    66  main.o(i.MX_TIM7_Init)
    i.MX_USART1_UART_Init                    0x080030ec   Section        0  main.o(i.MX_USART1_UART_Init)
    MX_USART1_UART_Init                      0x080030ed   Thumb Code    62  main.o(i.MX_USART1_UART_Init)
    i.MX_USART3_UART_Init                    0x08003144   Section        0  main.o(i.MX_USART3_UART_Init)
    MX_USART3_UART_Init                      0x08003145   Thumb Code    62  main.o(i.MX_USART3_UART_Init)
    i.MemManage_Handler                      0x0800319c   Section        0  stm32f7xx_it.o(i.MemManage_Handler)
    i.NMI_Handler                            0x080031a0   Section        0  stm32f7xx_it.o(i.NMI_Handler)
    i.NVIC_GetPriorityGrouping               0x080031a4   Section        0  stm32f7xx_hal_cortex.o(i.NVIC_GetPriorityGrouping)
    NVIC_GetPriorityGrouping                 0x080031a5   Thumb Code    10  stm32f7xx_hal_cortex.o(i.NVIC_GetPriorityGrouping)
    i.NVIC_SetPriority                       0x080031b4   Section        0  stm32f7xx_hal_cortex.o(i.NVIC_SetPriority)
    NVIC_SetPriority                         0x080031b5   Thumb Code    32  stm32f7xx_hal_cortex.o(i.NVIC_SetPriority)
    i.PendSV_Handler                         0x080031dc   Section        0  stm32f7xx_it.o(i.PendSV_Handler)
    i.Rotate                                 0x080031e0   Section        0  main.o(i.Rotate)
    i.SVC_Handler                            0x080032d8   Section        0  stm32f7xx_it.o(i.SVC_Handler)
    i.SetServo                               0x080032dc   Section        0  main.o(i.SetServo)
    i.SetupTimers                            0x08003328   Section        0  main.o(i.SetupTimers)
    i.Sort                                   0x08003384   Section        0  main.o(i.Sort)
    i.StartPosition                          0x080033e4   Section        0  main.o(i.StartPosition)
    i.SysTick_Handler                        0x08003460   Section        0  stm32f7xx_it.o(i.SysTick_Handler)
    i.SystemClock_Config                     0x0800346c   Section        0  main.o(i.SystemClock_Config)
    i.SystemInit                             0x08003574   Section        0  system_stm32f7xx.o(i.SystemInit)
    i.TIM6_DAC_IRQHandler                    0x080035d8   Section        0  stm32f7xx_it.o(i.TIM6_DAC_IRQHandler)
    i.TIM7_IRQHandler                        0x080035e8   Section        0  stm32f7xx_it.o(i.TIM7_IRQHandler)
    i.TIM_Base_SetConfig                     0x080035f8   Section        0  stm32f7xx_hal_tim.o(i.TIM_Base_SetConfig)
    i.TranslateLeg                           0x080036e8   Section        0  main.o(i.TranslateLeg)
    i.UART_AdvFeatureConfig                  0x080037b0   Section        0  stm32f7xx_hal_uart.o(i.UART_AdvFeatureConfig)
    i.UART_CheckIdleState                    0x0800389a   Section        0  stm32f7xx_hal_uart.o(i.UART_CheckIdleState)
    i.UART_DMAAbortOnError                   0x080038e8   Section        0  stm32f7xx_hal_uart.o(i.UART_DMAAbortOnError)
    UART_DMAAbortOnError                     0x080038e9   Thumb Code    24  stm32f7xx_hal_uart.o(i.UART_DMAAbortOnError)
    i.UART_EndRxTransfer                     0x08003900   Section        0  stm32f7xx_hal_uart.o(i.UART_EndRxTransfer)
    UART_EndRxTransfer                       0x08003901   Thumb Code    32  stm32f7xx_hal_uart.o(i.UART_EndRxTransfer)
    i.UART_EndTransmit_IT                    0x08003920   Section        0  stm32f7xx_hal_uart.o(i.UART_EndTransmit_IT)
    UART_EndTransmit_IT                      0x08003921   Thumb Code    32  stm32f7xx_hal_uart.o(i.UART_EndTransmit_IT)
    i.UART_Receive_IT                        0x08003940   Section        0  stm32f7xx_hal_uart.o(i.UART_Receive_IT)
    UART_Receive_IT                          0x08003941   Thumb Code   136  stm32f7xx_hal_uart.o(i.UART_Receive_IT)
    i.UART_SetConfig                         0x080039c8   Section        0  stm32f7xx_hal_uart.o(i.UART_SetConfig)
    i.UART_Transmit_IT                       0x08003d54   Section        0  stm32f7xx_hal_uart.o(i.UART_Transmit_IT)
    UART_Transmit_IT                         0x08003d55   Thumb Code   106  stm32f7xx_hal_uart.o(i.UART_Transmit_IT)
    i.UART_WaitOnFlagUntilTimeout            0x08003dbe   Section        0  stm32f7xx_hal_uart.o(i.UART_WaitOnFlagUntilTimeout)
    i.USART1_IRQHandler                      0x08003e2c   Section        0  stm32f7xx_it.o(i.USART1_IRQHandler)
    i.USART3_IRQHandler                      0x08003e3c   Section        0  stm32f7xx_it.o(i.USART3_IRQHandler)
    i.UsageFault_Handler                     0x08003e4c   Section        0  stm32f7xx_it.o(i.UsageFault_Handler)
    i.Vector                                 0x08003e50   Section        0  main.o(i.Vector)
    i._Error_Handler                         0x08004150   Section        0  main.o(i._Error_Handler)
    i.__ARM_fpclassify                       0x08004154   Section        0  fpclassify.o(i.__ARM_fpclassify)
    i.__hardfp_acos                          0x08004188   Section        0  acos.o(i.__hardfp_acos)
    i.__hardfp_asin                          0x080044e0   Section        0  asin.o(i.__hardfp_asin)
    i.__hardfp_atan                          0x08004840   Section        0  atan.o(i.__hardfp_atan)
    i.__hardfp_atan2                         0x08004b18   Section        0  atan2.o(i.__hardfp_atan2)
    i.__hardfp_cos                           0x08004d08   Section        0  cos.o(i.__hardfp_cos)
    i.__hardfp_pow                           0x08004dd0   Section        0  pow.o(i.__hardfp_pow)
    i.__hardfp_sin                           0x08005a20   Section        0  sin.o(i.__hardfp_sin)
    i.__hardfp_sqrt                          0x08005ae8   Section        0  sqrt.o(i.__hardfp_sqrt)
    i.__ieee754_rem_pio2                     0x08005b68   Section        0  rred.o(i.__ieee754_rem_pio2)
    i.__kernel_cos                           0x08005fa0   Section        0  cos_i.o(i.__kernel_cos)
    i.__kernel_poly                          0x08006110   Section        0  poly.o(i.__kernel_poly)
    i.__kernel_sin                           0x08006208   Section        0  sin_i.o(i.__kernel_sin)
    i.__mathlib_dbl_divzero                  0x08006338   Section        0  dunder.o(i.__mathlib_dbl_divzero)
    i.__mathlib_dbl_infnan                   0x08006368   Section        0  dunder.o(i.__mathlib_dbl_infnan)
    i.__mathlib_dbl_infnan2                  0x0800637c   Section        0  dunder.o(i.__mathlib_dbl_infnan2)
    i.__mathlib_dbl_invalid                  0x08006390   Section        0  dunder.o(i.__mathlib_dbl_invalid)
    i.__mathlib_dbl_overflow                 0x080063b0   Section        0  dunder.o(i.__mathlib_dbl_overflow)
    i.__mathlib_dbl_underflow                0x080063d0   Section        0  dunder.o(i.__mathlib_dbl_underflow)
    i.__scatterload_copy                     0x080063f0   Section       14  handlers.o(i.__scatterload_copy)
    i.__scatterload_null                     0x080063fe   Section        2  handlers.o(i.__scatterload_null)
    i.__scatterload_zeroinit                 0x08006400   Section       14  handlers.o(i.__scatterload_zeroinit)
    i.__set_errno                            0x08006410   Section        0  errno.o(i.__set_errno)
    i.atan                                   0x0800641c   Section        0  atan.o(i.atan)
    i.fabs                                   0x0800642c   Section        0  fabs.o(i.fabs)
    i.free                                   0x08006444   Section        0  malloc.o(i.free)
    i.main                                   0x08006494   Section        0  main.o(i.main)
    i.malloc                                 0x080066a8   Section        0  malloc.o(i.malloc)
    i.sqrt                                   0x08006714   Section        0  sqrt.o(i.sqrt)
    .constdata                               0x08006782   Section       24  system_stm32f7xx.o(.constdata)
    .constdata                               0x080067a0   Section       80  acos.o(.constdata)
    pS                                       0x080067a0   Data          48  acos.o(.constdata)
    qS                                       0x080067d0   Data          32  acos.o(.constdata)
    .constdata                               0x080067f0   Section       80  asin.o(.constdata)
    pS                                       0x080067f0   Data          48  asin.o(.constdata)
    qS                                       0x08006820   Data          32  asin.o(.constdata)
    .constdata                               0x08006840   Section      136  pow.o(.constdata)
    bp                                       0x08006840   Data          16  pow.o(.constdata)
    dp_h                                     0x08006850   Data          16  pow.o(.constdata)
    dp_l                                     0x08006860   Data          16  pow.o(.constdata)
    L                                        0x08006870   Data          48  pow.o(.constdata)
    P                                        0x080068a0   Data          40  pow.o(.constdata)
    .constdata                               0x080068c8   Section      152  atan.o(.constdata)
    atanhi                                   0x080068c8   Data          32  atan.o(.constdata)
    atanlo                                   0x080068e8   Data          32  atan.o(.constdata)
    aTodd                                    0x08006908   Data          40  atan.o(.constdata)
    aTeven                                   0x08006930   Data          48  atan.o(.constdata)
    .constdata                               0x08006960   Section       48  cos_i.o(.constdata)
    C                                        0x08006960   Data          48  cos_i.o(.constdata)
    .constdata                               0x08006990   Section        8  qnan.o(.constdata)
    .constdata                               0x08006998   Section      200  rred.o(.constdata)
    pio2s                                    0x08006998   Data          48  rred.o(.constdata)
    twooverpi                                0x080069c8   Data         152  rred.o(.constdata)
    .constdata                               0x08006a60   Section       40  sin_i.o(.constdata)
    S                                        0x08006a60   Data          40  sin_i.o(.constdata)
    .data                                    0x20000000   Section        4  stm32f7xx_hal.o(.data)
    .data                                    0x20000004   Section        4  system_stm32f7xx.o(.data)
    .data                                    0x20000008   Section      388  main.o(.data)
    .data                                    0x2000018c   Section        4  mvars.o(.data)
    .data                                    0x20000190   Section        4  mvars.o(.data)
    .data                                    0x20000194   Section        4  errno.o(.data)
    _errno                                   0x20000194   Data           4  errno.o(.data)
    .bss                                     0x20000198   Section      872  main.o(.bss)
    ServoTimer                               0x20000390   Data          64  main.o(.bss)
    ServoTimer2                              0x200003d0   Data          64  main.o(.bss)
    HEAP                                     0x20000500   Section      512  startup_stm32f756xx.o(HEAP)
    STACK                                    0x20000700   Section     1024  startup_stm32f756xx.o(STACK)

    Global Symbols

    Symbol Name                              Value     Ov Type        Size  Object(Section)

    BuildAttributes$$THM_ISAv4$E$P$D$K$B$S$7EM$VFPi5$EXTD16$VFPS$VFMA$PE$PLD8$A:L22UL41UL21$X:L11$S22US41US21$IEEE1$IW$USESV6$~STKCKD$USESV7$~SHL$OTIME$ROPI$IEEEX$EBA8$MICROLIB$REQ8$PRES8$EABIv2 0x00000000   Number         0  anon$$obj.o ABSOLUTE
    __ARM_use_no_argv                        0x00000000   Number         0  main.o ABSOLUTE
    __cpp_initialize__aeabi_                  - Undefined Weak Reference
    __cxa_finalize                            - Undefined Weak Reference
    _clock_init                               - Undefined Weak Reference
    _microlib_exit                            - Undefined Weak Reference
    __Vectors_Size                           0x000001c8   Number         0  startup_stm32f756xx.o ABSOLUTE
    __Vectors                                0x08000000   Data           4  startup_stm32f756xx.o(RESET)
    __Vectors_End                            0x080001c8   Data           0  startup_stm32f756xx.o(RESET)
    __main                                   0x080001c9   Thumb Code     0  entry.o(.ARM.Collect$$$$00000000)
    _main_stk                                0x080001c9   Thumb Code     0  entry2.o(.ARM.Collect$$$$00000001)
    _main_scatterload                        0x080001cd   Thumb Code     0  entry5.o(.ARM.Collect$$$$00000004)
    __main_after_scatterload                 0x080001d1   Thumb Code     0  entry5.o(.ARM.Collect$$$$00000004)
    _main_clock                              0x080001d1   Thumb Code     0  entry7b.o(.ARM.Collect$$$$00000008)
    _main_cpp_init                           0x080001d1   Thumb Code     0  entry8b.o(.ARM.Collect$$$$0000000A)
    _main_init                               0x080001d1   Thumb Code     0  entry9a.o(.ARM.Collect$$$$0000000B)
    __rt_final_cpp                           0x080001d9   Thumb Code     0  entry10a.o(.ARM.Collect$$$$0000000D)
    __rt_final_exit                          0x080001d9   Thumb Code     0  entry11a.o(.ARM.Collect$$$$0000000F)
    Reset_Handler                            0x080001dd   Thumb Code     8  startup_stm32f756xx.o(.text)
    ADC_IRQHandler                           0x080001f7   Thumb Code     0  startup_stm32f756xx.o(.text)
    CAN1_RX0_IRQHandler                      0x080001f7   Thumb Code     0  startup_stm32f756xx.o(.text)
    CAN1_RX1_IRQHandler                      0x080001f7   Thumb Code     0  startup_stm32f756xx.o(.text)
    CAN1_SCE_IRQHandler                      0x080001f7   Thumb Code     0  startup_stm32f756xx.o(.text)
    CAN1_TX_IRQHandler                       0x080001f7   Thumb Code     0  startup_stm32f756xx.o(.text)
    CAN2_RX0_IRQHandler                      0x080001f7   Thumb Code     0  startup_stm32f756xx.o(.text)
    CAN2_RX1_IRQHandler                      0x080001f7   Thumb Code     0  startup_stm32f756xx.o(.text)
    CAN2_SCE_IRQHandler                      0x080001f7   Thumb Code     0  startup_stm32f756xx.o(.text)
    CAN2_TX_IRQHandler                       0x080001f7   Thumb Code     0  startup_stm32f756xx.o(.text)
    CEC_IRQHandler                           0x080001f7   Thumb Code     0  startup_stm32f756xx.o(.text)
    CRYP_IRQHandler                          0x080001f7   Thumb Code     0  startup_stm32f756xx.o(.text)
    DCMI_IRQHandler                          0x080001f7   Thumb Code     0  startup_stm32f756xx.o(.text)
    DMA1_Stream0_IRQHandler                  0x080001f7   Thumb Code     0  startup_stm32f756xx.o(.text)
    DMA1_Stream1_IRQHandler                  0x080001f7   Thumb Code     0  startup_stm32f756xx.o(.text)
    DMA1_Stream2_IRQHandler                  0x080001f7   Thumb Code     0  startup_stm32f756xx.o(.text)
    DMA1_Stream3_IRQHandler                  0x080001f7   Thumb Code     0  startup_stm32f756xx.o(.text)
    DMA1_Stream4_IRQHandler                  0x080001f7   Thumb Code     0  startup_stm32f756xx.o(.text)
    DMA1_Stream5_IRQHandler                  0x080001f7   Thumb Code     0  startup_stm32f756xx.o(.text)
    DMA1_Stream6_IRQHandler                  0x080001f7   Thumb Code     0  startup_stm32f756xx.o(.text)
    DMA1_Stream7_IRQHandler                  0x080001f7   Thumb Code     0  startup_stm32f756xx.o(.text)
    DMA2D_IRQHandler                         0x080001f7   Thumb Code     0  startup_stm32f756xx.o(.text)
    DMA2_Stream0_IRQHandler                  0x080001f7   Thumb Code     0  startup_stm32f756xx.o(.text)
    DMA2_Stream1_IRQHandler                  0x080001f7   Thumb Code     0  startup_stm32f756xx.o(.text)
    DMA2_Stream2_IRQHandler                  0x080001f7   Thumb Code     0  startup_stm32f756xx.o(.text)
    DMA2_Stream3_IRQHandler                  0x080001f7   Thumb Code     0  startup_stm32f756xx.o(.text)
    DMA2_Stream4_IRQHandler                  0x080001f7   Thumb Code     0  startup_stm32f756xx.o(.text)
    DMA2_Stream5_IRQHandler                  0x080001f7   Thumb Code     0  startup_stm32f756xx.o(.text)
    DMA2_Stream6_IRQHandler                  0x080001f7   Thumb Code     0  startup_stm32f756xx.o(.text)
    DMA2_Stream7_IRQHandler                  0x080001f7   Thumb Code     0  startup_stm32f756xx.o(.text)
    ETH_IRQHandler                           0x080001f7   Thumb Code     0  startup_stm32f756xx.o(.text)
    ETH_WKUP_IRQHandler                      0x080001f7   Thumb Code     0  startup_stm32f756xx.o(.text)
    EXTI0_IRQHandler                         0x080001f7   Thumb Code     0  startup_stm32f756xx.o(.text)
    EXTI15_10_IRQHandler                     0x080001f7   Thumb Code     0  startup_stm32f756xx.o(.text)
    EXTI1_IRQHandler                         0x080001f7   Thumb Code     0  startup_stm32f756xx.o(.text)
    EXTI2_IRQHandler                         0x080001f7   Thumb Code     0  startup_stm32f756xx.o(.text)
    EXTI3_IRQHandler                         0x080001f7   Thumb Code     0  startup_stm32f756xx.o(.text)
    EXTI4_IRQHandler                         0x080001f7   Thumb Code     0  startup_stm32f756xx.o(.text)
    EXTI9_5_IRQHandler                       0x080001f7   Thumb Code     0  startup_stm32f756xx.o(.text)
    FLASH_IRQHandler                         0x080001f7   Thumb Code     0  startup_stm32f756xx.o(.text)
    FMC_IRQHandler                           0x080001f7   Thumb Code     0  startup_stm32f756xx.o(.text)
    FPU_IRQHandler                           0x080001f7   Thumb Code     0  startup_stm32f756xx.o(.text)
    HASH_RNG_IRQHandler                      0x080001f7   Thumb Code     0  startup_stm32f756xx.o(.text)
    I2C1_ER_IRQHandler                       0x080001f7   Thumb Code     0  startup_stm32f756xx.o(.text)
    I2C1_EV_IRQHandler                       0x080001f7   Thumb Code     0  startup_stm32f756xx.o(.text)
    I2C2_ER_IRQHandler                       0x080001f7   Thumb Code     0  startup_stm32f756xx.o(.text)
    I2C2_EV_IRQHandler                       0x080001f7   Thumb Code     0  startup_stm32f756xx.o(.text)
    I2C3_ER_IRQHandler                       0x080001f7   Thumb Code     0  startup_stm32f756xx.o(.text)
    I2C3_EV_IRQHandler                       0x080001f7   Thumb Code     0  startup_stm32f756xx.o(.text)
    I2C4_ER_IRQHandler                       0x080001f7   Thumb Code     0  startup_stm32f756xx.o(.text)
    I2C4_EV_IRQHandler                       0x080001f7   Thumb Code     0  startup_stm32f756xx.o(.text)
    LPTIM1_IRQHandler                        0x080001f7   Thumb Code     0  startup_stm32f756xx.o(.text)
    LTDC_ER_IRQHandler                       0x080001f7   Thumb Code     0  startup_stm32f756xx.o(.text)
    LTDC_IRQHandler                          0x080001f7   Thumb Code     0  startup_stm32f756xx.o(.text)
    OTG_FS_IRQHandler                        0x080001f7   Thumb Code     0  startup_stm32f756xx.o(.text)
    OTG_FS_WKUP_IRQHandler                   0x080001f7   Thumb Code     0  startup_stm32f756xx.o(.text)
    OTG_HS_EP1_IN_IRQHandler                 0x080001f7   Thumb Code     0  startup_stm32f756xx.o(.text)
    OTG_HS_EP1_OUT_IRQHandler                0x080001f7   Thumb Code     0  startup_stm32f756xx.o(.text)
    OTG_HS_IRQHandler                        0x080001f7   Thumb Code     0  startup_stm32f756xx.o(.text)
    OTG_HS_WKUP_IRQHandler                   0x080001f7   Thumb Code     0  startup_stm32f756xx.o(.text)
    PVD_IRQHandler                           0x080001f7   Thumb Code     0  startup_stm32f756xx.o(.text)
    QUADSPI_IRQHandler                       0x080001f7   Thumb Code     0  startup_stm32f756xx.o(.text)
    RCC_IRQHandler                           0x080001f7   Thumb Code     0  startup_stm32f756xx.o(.text)
    RTC_Alarm_IRQHandler                     0x080001f7   Thumb Code     0  startup_stm32f756xx.o(.text)
    RTC_WKUP_IRQHandler                      0x080001f7   Thumb Code     0  startup_stm32f756xx.o(.text)
    SAI1_IRQHandler                          0x080001f7   Thumb Code     0  startup_stm32f756xx.o(.text)
    SAI2_IRQHandler                          0x080001f7   Thumb Code     0  startup_stm32f756xx.o(.text)
    SDMMC1_IRQHandler                        0x080001f7   Thumb Code     0  startup_stm32f756xx.o(.text)
    SPDIF_RX_IRQHandler                      0x080001f7   Thumb Code     0  startup_stm32f756xx.o(.text)
    SPI1_IRQHandler                          0x080001f7   Thumb Code     0  startup_stm32f756xx.o(.text)
    SPI2_IRQHandler                          0x080001f7   Thumb Code     0  startup_stm32f756xx.o(.text)
    SPI3_IRQHandler                          0x080001f7   Thumb Code     0  startup_stm32f756xx.o(.text)
    SPI4_IRQHandler                          0x080001f7   Thumb Code     0  startup_stm32f756xx.o(.text)
    SPI5_IRQHandler                          0x080001f7   Thumb Code     0  startup_stm32f756xx.o(.text)
    SPI6_IRQHandler                          0x080001f7   Thumb Code     0  startup_stm32f756xx.o(.text)
    TAMP_STAMP_IRQHandler                    0x080001f7   Thumb Code     0  startup_stm32f756xx.o(.text)
    TIM1_BRK_TIM9_IRQHandler                 0x080001f7   Thumb Code     0  startup_stm32f756xx.o(.text)
    TIM1_CC_IRQHandler                       0x080001f7   Thumb Code     0  startup_stm32f756xx.o(.text)
    TIM1_TRG_COM_TIM11_IRQHandler            0x080001f7   Thumb Code     0  startup_stm32f756xx.o(.text)
    TIM1_UP_TIM10_IRQHandler                 0x080001f7   Thumb Code     0  startup_stm32f756xx.o(.text)
    TIM2_IRQHandler                          0x080001f7   Thumb Code     0  startup_stm32f756xx.o(.text)
    TIM3_IRQHandler                          0x080001f7   Thumb Code     0  startup_stm32f756xx.o(.text)
    TIM4_IRQHandler                          0x080001f7   Thumb Code     0  startup_stm32f756xx.o(.text)
    TIM5_IRQHandler                          0x080001f7   Thumb Code     0  startup_stm32f756xx.o(.text)
    TIM8_BRK_TIM12_IRQHandler                0x080001f7   Thumb Code     0  startup_stm32f756xx.o(.text)
    TIM8_CC_IRQHandler                       0x080001f7   Thumb Code     0  startup_stm32f756xx.o(.text)
    TIM8_TRG_COM_TIM14_IRQHandler            0x080001f7   Thumb Code     0  startup_stm32f756xx.o(.text)
    TIM8_UP_TIM13_IRQHandler                 0x080001f7   Thumb Code     0  startup_stm32f756xx.o(.text)
    UART4_IRQHandler                         0x080001f7   Thumb Code     0  startup_stm32f756xx.o(.text)
    UART5_IRQHandler                         0x080001f7   Thumb Code     0  startup_stm32f756xx.o(.text)
    UART7_IRQHandler                         0x080001f7   Thumb Code     0  startup_stm32f756xx.o(.text)
    UART8_IRQHandler                         0x080001f7   Thumb Code     0  startup_stm32f756xx.o(.text)
    USART2_IRQHandler                        0x080001f7   Thumb Code     0  startup_stm32f756xx.o(.text)
    USART6_IRQHandler                        0x080001f7   Thumb Code     0  startup_stm32f756xx.o(.text)
    WWDG_IRQHandler                          0x080001f7   Thumb Code     0  startup_stm32f756xx.o(.text)
    __aeabi_dadd                             0x08000201   Thumb Code   322  dadd.o(.text)
    __aeabi_dsub                             0x08000343   Thumb Code     6  dadd.o(.text)
    __aeabi_drsub                            0x08000349   Thumb Code     6  dadd.o(.text)
    __aeabi_dmul                             0x0800034f   Thumb Code   228  dmul.o(.text)
    __aeabi_ddiv                             0x08000433   Thumb Code   222  ddiv.o(.text)
    __aeabi_i2d                              0x08000511   Thumb Code    34  dflti.o(.text)
    __aeabi_d2iz                             0x08000533   Thumb Code    62  dfixi.o(.text)
    __aeabi_llsl                             0x08000571   Thumb Code    30  llshl.o(.text)
    _ll_shift_l                              0x08000571   Thumb Code     0  llshl.o(.text)
    __aeabi_llsr                             0x0800058f   Thumb Code    32  llushr.o(.text)
    _ll_ushift_r                             0x0800058f   Thumb Code     0  llushr.o(.text)
    __aeabi_lasr                             0x080005af   Thumb Code    36  llsshr.o(.text)
    _ll_sshift_r                             0x080005af   Thumb Code     0  llsshr.o(.text)
    __I$use$fp                               0x080005d3   Thumb Code     0  iusefp.o(.text)
    _double_round                            0x080005d3   Thumb Code    30  depilogue.o(.text)
    _double_epilogue                         0x080005f1   Thumb Code   156  depilogue.o(.text)
    __ARM_scalbn                             0x0800068d   Thumb Code    46  dscalb.o(.text)
    scalbn                                   0x0800068d   Thumb Code     0  dscalb.o(.text)
    _dsqrt                                   0x080006bb   Thumb Code   162  dsqrt.o(.text)
    __aeabi_cdrcmple                         0x0800075d   Thumb Code    48  cdrcmple.o(.text)
    __scatterload                            0x0800078d   Thumb Code    28  init.o(.text)
    __scatterload_rt2                        0x0800078d   Thumb Code     0  init.o(.text)
    __aeabi_ui2d                             0x080007b1   Thumb Code    26  dfltui.o(.text)
    __decompress                             0x080007cb   Thumb Code     0  __dczerorl2.o(.text)
    __decompress1                            0x080007cb   Thumb Code    86  __dczerorl2.o(.text)
    BusFault_Handler                         0x08000821   Thumb Code     4  stm32f7xx_it.o(i.BusFault_Handler)
    Debug                                    0x08000825   Thumb Code    66  main.o(i.Debug)
    DebugMon_Handler                         0x0800086d   Thumb Code     2  stm32f7xx_it.o(i.DebugMon_Handler)
    HAL_DMA_Abort_IT                         0x0800086f   Thumb Code    40  stm32f7xx_hal_dma.o(i.HAL_DMA_Abort_IT)
    HAL_GPIO_Init                            0x08000899   Thumb Code   484  stm32f7xx_hal_gpio.o(i.HAL_GPIO_Init)
    HAL_GPIO_TogglePin                       0x08000ab1   Thumb Code     8  stm32f7xx_hal_gpio.o(i.HAL_GPIO_TogglePin)
    HAL_GPIO_WritePin                        0x08000ab9   Thumb Code    12  stm32f7xx_hal_gpio.o(i.HAL_GPIO_WritePin)
    HAL_GetTick                              0x08000ac5   Thumb Code     6  stm32f7xx_hal.o(i.HAL_GetTick)
    HAL_I2CEx_ConfigAnalogFilter             0x08000ad1   Thumb Code   106  stm32f7xx_hal_i2c_ex.o(i.HAL_I2CEx_ConfigAnalogFilter)
    HAL_I2CEx_ConfigDigitalFilter            0x08000b3b   Thumb Code   106  stm32f7xx_hal_i2c_ex.o(i.HAL_I2CEx_ConfigDigitalFilter)
    HAL_I2C_Init                             0x08000ba5   Thumb Code   192  stm32f7xx_hal_i2c.o(i.HAL_I2C_Init)
    HAL_I2C_MspInit                          0x08000c69   Thumb Code    74  stm32f7xx_hal_msp.o(i.HAL_I2C_MspInit)
    HAL_IncTick                              0x08000cc1   Thumb Code    12  stm32f7xx_hal.o(i.HAL_IncTick)
    HAL_Init                                 0x08000cd1   Thumb Code    22  stm32f7xx_hal.o(i.HAL_Init)
    HAL_InitTick                             0x08000ce9   Thumb Code    36  stm32f7xx_hal.o(i.HAL_InitTick)
    HAL_MspInit                              0x08000d11   Thumb Code    86  stm32f7xx_hal_msp.o(i.HAL_MspInit)
    HAL_NVIC_EnableIRQ                       0x08000d67   Thumb Code    26  stm32f7xx_hal_cortex.o(i.HAL_NVIC_EnableIRQ)
    HAL_NVIC_SetPriority                     0x08000d81   Thumb Code   124  stm32f7xx_hal_cortex.o(i.HAL_NVIC_SetPriority)
    HAL_NVIC_SetPriorityGrouping             0x08000dfd   Thumb Code    32  stm32f7xx_hal_cortex.o(i.HAL_NVIC_SetPriorityGrouping)
    HAL_PWREx_EnableOverDrive                0x08000e25   Thumb Code   136  stm32f7xx_hal_pwr_ex.o(i.HAL_PWREx_EnableOverDrive)
    HAL_RCCEx_PeriphCLKConfig                0x08000eb5   Thumb Code  2322  stm32f7xx_hal_rcc_ex.o(i.HAL_RCCEx_PeriphCLKConfig)
    HAL_RCC_ClockConfig                      0x080017cd   Thumb Code   420  stm32f7xx_hal_rcc.o(i.HAL_RCC_ClockConfig)
    HAL_RCC_GetHCLKFreq                      0x08001981   Thumb Code     6  stm32f7xx_hal_rcc.o(i.HAL_RCC_GetHCLKFreq)
    HAL_RCC_GetPCLK1Freq                     0x0800198d   Thumb Code    36  stm32f7xx_hal_rcc.o(i.HAL_RCC_GetPCLK1Freq)
    HAL_RCC_GetPCLK2Freq                     0x080019b9   Thumb Code    36  stm32f7xx_hal_rcc.o(i.HAL_RCC_GetPCLK2Freq)
    HAL_RCC_GetSysClockFreq                  0x080019e5   Thumb Code   168  stm32f7xx_hal_rcc.o(i.HAL_RCC_GetSysClockFreq)
    HAL_RCC_OscConfig                        0x08001a99   Thumb Code  1252  stm32f7xx_hal_rcc.o(i.HAL_RCC_OscConfig)
    HAL_SYSTICK_CLKSourceConfig              0x08001f81   Thumb Code    40  stm32f7xx_hal_cortex.o(i.HAL_SYSTICK_CLKSourceConfig)
    HAL_SYSTICK_Callback                     0x08001fa9   Thumb Code     2  stm32f7xx_hal_cortex.o(i.HAL_SYSTICK_Callback)
    HAL_SYSTICK_Config                       0x08001fab   Thumb Code    52  stm32f7xx_hal_cortex.o(i.HAL_SYSTICK_Config)
    HAL_SYSTICK_IRQHandler                   0x08001fdf   Thumb Code     8  stm32f7xx_hal_cortex.o(i.HAL_SYSTICK_IRQHandler)
    HAL_TIMEx_BreakCallback                  0x08001fe7   Thumb Code     2  stm32f7xx_hal_tim_ex.o(i.HAL_TIMEx_BreakCallback)
    HAL_TIMEx_CommutationCallback            0x08001fe9   Thumb Code     2  stm32f7xx_hal_tim_ex.o(i.HAL_TIMEx_CommutationCallback)
    HAL_TIMEx_MasterConfigSynchronization    0x08001fed   Thumb Code    98  stm32f7xx_hal_tim_ex.o(i.HAL_TIMEx_MasterConfigSynchronization)
    HAL_TIM_Base_Init                        0x08002059   Thumb Code    52  stm32f7xx_hal_tim.o(i.HAL_TIM_Base_Init)
    HAL_TIM_Base_MspInit                     0x0800208d   Thumb Code   112  stm32f7xx_hal_msp.o(i.HAL_TIM_Base_MspInit)
    HAL_TIM_Base_Start                       0x08002109   Thumb Code    30  stm32f7xx_hal_tim.o(i.HAL_TIM_Base_Start)
    HAL_TIM_Base_Start_IT                    0x08002127   Thumb Code    30  stm32f7xx_hal_tim.o(i.HAL_TIM_Base_Start_IT)
    HAL_TIM_Base_Stop                        0x08002145   Thumb Code    56  stm32f7xx_hal_tim.o(i.HAL_TIM_Base_Stop)
    HAL_TIM_IC_CaptureCallback               0x0800217d   Thumb Code     2  stm32f7xx_hal_tim.o(i.HAL_TIM_IC_CaptureCallback)
    HAL_TIM_IRQHandler                       0x0800217f   Thumb Code   440  stm32f7xx_hal_tim.o(i.HAL_TIM_IRQHandler)
    HAL_TIM_OC_DelayElapsedCallback          0x08002337   Thumb Code     2  stm32f7xx_hal_tim.o(i.HAL_TIM_OC_DelayElapsedCallback)
    HAL_TIM_PWM_PulseFinishedCallback        0x08002339   Thumb Code     2  stm32f7xx_hal_tim.o(i.HAL_TIM_PWM_PulseFinishedCallback)
    HAL_TIM_PeriodElapsedCallback            0x0800233d   Thumb Code   554  main.o(i.HAL_TIM_PeriodElapsedCallback)
    HAL_TIM_TriggerCallback                  0x080025a1   Thumb Code     2  stm32f7xx_hal_tim.o(i.HAL_TIM_TriggerCallback)
    HAL_UART_ErrorCallback                   0x080025a5   Thumb Code    14  main.o(i.HAL_UART_ErrorCallback)
    HAL_UART_IRQHandler                      0x080025c5   Thumb Code   348  stm32f7xx_hal_uart.o(i.HAL_UART_IRQHandler)
    HAL_UART_Init                            0x08002725   Thumb Code   120  stm32f7xx_hal_uart.o(i.HAL_UART_Init)
    HAL_UART_MspInit                         0x0800279d   Thumb Code   180  stm32f7xx_hal_msp.o(i.HAL_UART_MspInit)
    HAL_UART_Receive_IT                      0x08002865   Thumb Code   188  stm32f7xx_hal_uart.o(i.HAL_UART_Receive_IT)
    HAL_UART_RxCpltCallback                  0x08002921   Thumb Code     2  stm32f7xx_hal_uart.o(i.HAL_UART_RxCpltCallback)
    HAL_UART_Transmit                        0x08002923   Thumb Code   198  stm32f7xx_hal_uart.o(i.HAL_UART_Transmit)
    HAL_UART_TxCpltCallback                  0x080029e9   Thumb Code     2  stm32f7xx_hal_uart.o(i.HAL_UART_TxCpltCallback)
    HardFault_Handler                        0x080029eb   Thumb Code     4  stm32f7xx_it.o(i.HardFault_Handler)
    IK                                       0x080029f1   Thumb Code  1040  main.o(i.IK)
    MemManage_Handler                        0x0800319d   Thumb Code     4  stm32f7xx_it.o(i.MemManage_Handler)
    NMI_Handler                              0x080031a1   Thumb Code     2  stm32f7xx_it.o(i.NMI_Handler)
    PendSV_Handler                           0x080031dd   Thumb Code     2  stm32f7xx_it.o(i.PendSV_Handler)
    Rotate                                   0x080031e1   Thumb Code   242  main.o(i.Rotate)
    SVC_Handler                              0x080032d9   Thumb Code     2  stm32f7xx_it.o(i.SVC_Handler)
    SetServo                                 0x080032dd   Thumb Code    58  main.o(i.SetServo)
    SetupTimers                              0x08003329   Thumb Code    76  main.o(i.SetupTimers)
    Sort                                     0x08003385   Thumb Code    86  main.o(i.Sort)
    StartPosition                            0x080033e5   Thumb Code   124  main.o(i.StartPosition)
    SysTick_Handler                          0x08003461   Thumb Code    12  stm32f7xx_it.o(i.SysTick_Handler)
    SystemClock_Config                       0x0800346d   Thumb Code   238  main.o(i.SystemClock_Config)
    SystemInit                               0x08003575   Thumb Code    82  system_stm32f7xx.o(i.SystemInit)
    TIM6_DAC_IRQHandler                      0x080035d9   Thumb Code    10  stm32f7xx_it.o(i.TIM6_DAC_IRQHandler)
    TIM7_IRQHandler                          0x080035e9   Thumb Code    10  stm32f7xx_it.o(i.TIM7_IRQHandler)
    TIM_Base_SetConfig                       0x080035f9   Thumb Code   196  stm32f7xx_hal_tim.o(i.TIM_Base_SetConfig)
    TranslateLeg                             0x080036e9   Thumb Code   188  main.o(i.TranslateLeg)
    UART_AdvFeatureConfig                    0x080037b1   Thumb Code   234  stm32f7xx_hal_uart.o(i.UART_AdvFeatureConfig)
    UART_CheckIdleState                      0x0800389b   Thumb Code    78  stm32f7xx_hal_uart.o(i.UART_CheckIdleState)
    UART_SetConfig                           0x080039c9   Thumb Code   858  stm32f7xx_hal_uart.o(i.UART_SetConfig)
    UART_WaitOnFlagUntilTimeout              0x08003dbf   Thumb Code   108  stm32f7xx_hal_uart.o(i.UART_WaitOnFlagUntilTimeout)
    USART1_IRQHandler                        0x08003e2d   Thumb Code    10  stm32f7xx_it.o(i.USART1_IRQHandler)
    USART3_IRQHandler                        0x08003e3d   Thumb Code    10  stm32f7xx_it.o(i.USART3_IRQHandler)
    UsageFault_Handler                       0x08003e4d   Thumb Code     4  stm32f7xx_it.o(i.UsageFault_Handler)
    Vector                                   0x08003e51   Thumb Code   732  main.o(i.Vector)
    _Error_Handler                           0x08004151   Thumb Code     4  main.o(i._Error_Handler)
    __ARM_fpclassify                         0x08004155   Thumb Code    48  fpclassify.o(i.__ARM_fpclassify)
    __hardfp_acos                            0x08004189   Thumb Code   738  acos.o(i.__hardfp_acos)
    __hardfp_asin                            0x080044e1   Thumb Code   770  asin.o(i.__hardfp_asin)
    __hardfp_atan                            0x08004841   Thumb Code   622  atan.o(i.__hardfp_atan)
    __hardfp_atan2                           0x08004b19   Thumb Code   432  atan2.o(i.__hardfp_atan2)
    __hardfp_cos                             0x08004d09   Thumb Code   180  cos.o(i.__hardfp_cos)
    __hardfp_pow                             0x08004dd1   Thumb Code  3072  pow.o(i.__hardfp_pow)
    __hardfp_sin                             0x08005a21   Thumb Code   180  sin.o(i.__hardfp_sin)
    __hardfp_sqrt                            0x08005ae9   Thumb Code   122  sqrt.o(i.__hardfp_sqrt)
    __ieee754_rem_pio2                       0x08005b69   Thumb Code   938  rred.o(i.__ieee754_rem_pio2)
    __kernel_cos                             0x08005fa1   Thumb Code   322  cos_i.o(i.__kernel_cos)
    __kernel_poly                            0x08006111   Thumb Code   248  poly.o(i.__kernel_poly)
    __kernel_sin                             0x08006209   Thumb Code   280  sin_i.o(i.__kernel_sin)
    __mathlib_dbl_divzero                    0x08006339   Thumb Code    28  dunder.o(i.__mathlib_dbl_divzero)
    __mathlib_dbl_infnan                     0x08006369   Thumb Code    20  dunder.o(i.__mathlib_dbl_infnan)
    __mathlib_dbl_infnan2                    0x0800637d   Thumb Code    20  dunder.o(i.__mathlib_dbl_infnan2)
    __mathlib_dbl_invalid                    0x08006391   Thumb Code    24  dunder.o(i.__mathlib_dbl_invalid)
    __mathlib_dbl_overflow                   0x080063b1   Thumb Code    24  dunder.o(i.__mathlib_dbl_overflow)
    __mathlib_dbl_underflow                  0x080063d1   Thumb Code    24  dunder.o(i.__mathlib_dbl_underflow)
    __scatterload_copy                       0x080063f1   Thumb Code    14  handlers.o(i.__scatterload_copy)
    __scatterload_null                       0x080063ff   Thumb Code     2  handlers.o(i.__scatterload_null)
    __scatterload_zeroinit                   0x08006401   Thumb Code    14  handlers.o(i.__scatterload_zeroinit)
    __set_errno                              0x08006411   Thumb Code     6  errno.o(i.__set_errno)
    atan                                     0x0800641d   Thumb Code    16  atan.o(i.atan)
    fabs                                     0x0800642d   Thumb Code    24  fabs.o(i.fabs)
    free                                     0x08006445   Thumb Code    76  malloc.o(i.free)
    main                                     0x08006495   Thumb Code   440  main.o(i.main)
    malloc                                   0x080066a9   Thumb Code    92  malloc.o(i.malloc)
    sqrt                                     0x08006715   Thumb Code   110  sqrt.o(i.sqrt)
    AHBPrescTable                            0x08006782   Data          16  system_stm32f7xx.o(.constdata)
    APBPrescTable                            0x08006792   Data           8  system_stm32f7xx.o(.constdata)
    __mathlib_zero                           0x08006990   Data           8  qnan.o(.constdata)
    Region$$Table$$Base                      0x08006a88   Number         0  anon$$obj.o(Region$$Table)
    Region$$Table$$Limit                     0x08006aa8   Number         0  anon$$obj.o(Region$$Table)
    uwTick                                   0x20000000   Data           4  stm32f7xx_hal.o(.data)
    SystemCoreClock                          0x20000004   Data           4  system_stm32f7xx.o(.data)
    X_Char                                   0x20000008   Data           1  main.o(.data)
    Y_Char                                   0x20000009   Data           1  main.o(.data)
    R_Char                                   0x2000000a   Data           1  main.o(.data)
    X_Vect                                   0x2000000c   Data           4  main.o(.data)
    Y_Vect                                   0x20000010   Data           4  main.o(.data)
    R_Vect                                   0x20000014   Data           4  main.o(.data)
    legAngles_id                             0x20000018   Data          60  main.o(.data)
    servoOffset                              0x20000054   Data          60  main.o(.data)
    servoMultiplier                          0x20000090   Data          60  main.o(.data)
    servoCount                               0x200000cc   Data           4  main.o(.data)
    servoCountChar                           0x200000d0   Data           2  main.o(.data)
    BTCount                                  0x200000d4   Data           4  main.o(.data)
    newPeriod                                0x200000d8   Data           4  main.o(.data)
    BTRewrite                                0x200000dc   Data           4  main.o(.data)
    rad2deg                                  0x200000e0   Data           8  main.o(.data)
    A_length                                 0x200000e8   Data           8  main.o(.data)
    B_length                                 0x200000f0   Data           8  main.o(.data)
    C_length                                 0x200000f8   Data           8  main.o(.data)
    z_body                                   0x20000100   Data           8  main.o(.data)
    robotRadius                              0x20000108   Data           8  main.o(.data)
    resetStatus                              0x20000110   Data           5  main.o(.data)
    X_Vector                                 0x20000118   Data           8  main.o(.data)
    Y_Vector                                 0x20000120   Data           8  main.o(.data)
    R_Vector                                 0x20000128   Data           8  main.o(.data)
    servoPinArray                            0x20000130   Data          30  main.o(.data)
    servoPortArray                           0x20000150   Data          60  main.o(.data)
    __microlib_freelist                      0x2000018c   Data           4  mvars.o(.data)
    __microlib_freelist_initialised          0x20000190   Data           4  mvars.o(.data)
    hi2c1                                    0x20000198   Data          76  main.o(.bss)
    htim6                                    0x200001e4   Data          64  main.o(.bss)
    htim7                                    0x20000224   Data          64  main.o(.bss)
    huart1                                   0x20000264   Data         112  main.o(.bss)
    huart3                                   0x200002d4   Data         112  main.o(.bss)
    RXData                                   0x20000344   Data          15  main.o(.bss)
    legAngles                                0x20000354   Data          60  main.o(.bss)
    destination                              0x20000410   Data          80  main.o(.bss)
    currentPosition                          0x20000460   Data          80  main.o(.bss)
    translateLeg                             0x200004b0   Data          80  main.o(.bss)
    __heap_base                              0x20000500   Data           0  startup_stm32f756xx.o(HEAP)
    __heap_limit                             0x20000700   Data           0  startup_stm32f756xx.o(HEAP)
    __initial_sp                             0x20000b00   Data           0  startup_stm32f756xx.o(STACK)



==============================================================================

Memory Map of the image

  Image Entry point : 0x080001c9

  Load Region LR_IROM1 (Base: 0x08000000, Size: 0x00006c40, Max: 0x00100000, ABSOLUTE, COMPRESSED[0x00006b5c])

    Execution Region ER_IROM1 (Base: 0x08000000, Size: 0x00006aa8, Max: 0x00100000, ABSOLUTE)

    Base Addr    Size         Type   Attr      Idx    E Section Name        Object

    0x08000000   0x000001c8   Data   RO         2863    RESET               startup_stm32f756xx.o
    0x080001c8   0x00000000   Code   RO         3310  * .ARM.Collect$$$$00000000  mc_w.l(entry.o)
    0x080001c8   0x00000004   Code   RO         3404    .ARM.Collect$$$$00000001  mc_w.l(entry2.o)
    0x080001cc   0x00000004   Code   RO         3407    .ARM.Collect$$$$00000004  mc_w.l(entry5.o)
    0x080001d0   0x00000000   Code   RO         3409    .ARM.Collect$$$$00000008  mc_w.l(entry7b.o)
    0x080001d0   0x00000000   Code   RO         3411    .ARM.Collect$$$$0000000A  mc_w.l(entry8b.o)
    0x080001d0   0x00000008   Code   RO         3412    .ARM.Collect$$$$0000000B  mc_w.l(entry9a.o)
    0x080001d8   0x00000000   Code   RO         3414    .ARM.Collect$$$$0000000D  mc_w.l(entry10a.o)
    0x080001d8   0x00000000   Code   RO         3416    .ARM.Collect$$$$0000000F  mc_w.l(entry11a.o)
    0x080001d8   0x00000004   Code   RO         3405    .ARM.Collect$$$$00002712  mc_w.l(entry2.o)
    0x080001dc   0x00000024   Code   RO         2864    .text               startup_stm32f756xx.o
    0x08000200   0x0000014e   Code   RO         3341    .text               mf_w.l(dadd.o)
    0x0800034e   0x000000e4   Code   RO         3343    .text               mf_w.l(dmul.o)
    0x08000432   0x000000de   Code   RO         3345    .text               mf_w.l(ddiv.o)
    0x08000510   0x00000022   Code   RO         3347    .text               mf_w.l(dflti.o)
    0x08000532   0x0000003e   Code   RO         3349    .text               mf_w.l(dfixi.o)
    0x08000570   0x0000001e   Code   RO         3418    .text               mc_w.l(llshl.o)
    0x0800058e   0x00000020   Code   RO         3420    .text               mc_w.l(llushr.o)
    0x080005ae   0x00000024   Code   RO         3422    .text               mc_w.l(llsshr.o)
    0x080005d2   0x00000000   Code   RO         3437    .text               mc_w.l(iusefp.o)
    0x080005d2   0x000000ba   Code   RO         3438    .text               mf_w.l(depilogue.o)
    0x0800068c   0x0000002e   Code   RO         3442    .text               mf_w.l(dscalb.o)
    0x080006ba   0x000000a2   Code   RO         3444    .text               mf_w.l(dsqrt.o)
    0x0800075c   0x00000030   Code   RO         3448    .text               mf_w.l(cdrcmple.o)
    0x0800078c   0x00000024   Code   RO         3450    .text               mc_w.l(init.o)
    0x080007b0   0x0000001a   Code   RO         3452    .text               mf_w.l(dfltui.o)
    0x080007ca   0x00000056   Code   RO         3462    .text               mc_w.l(__dczerorl2.o)
    0x08000820   0x00000004   Code   RO         3123    i.BusFault_Handler  stm32f7xx_it.o
    0x08000824   0x00000048   Code   RO         2969    i.Debug             main.o
    0x0800086c   0x00000002   Code   RO         3124    i.DebugMon_Handler  stm32f7xx_it.o
    0x0800086e   0x00000028   Code   RO          348    i.HAL_DMA_Abort_IT  stm32f7xx_hal_dma.o
    0x08000896   0x00000002   PAD
    0x08000898   0x00000218   Code   RO          612    i.HAL_GPIO_Init     stm32f7xx_hal_gpio.o
    0x08000ab0   0x00000008   Code   RO          615    i.HAL_GPIO_TogglePin  stm32f7xx_hal_gpio.o
    0x08000ab8   0x0000000c   Code   RO          616    i.HAL_GPIO_WritePin  stm32f7xx_hal_gpio.o
    0x08000ac4   0x0000000c   Code   RO          465    i.HAL_GetTick       stm32f7xx_hal.o
    0x08000ad0   0x0000006a   Code   RO         1103    i.HAL_I2CEx_ConfigAnalogFilter  stm32f7xx_hal_i2c_ex.o
    0x08000b3a   0x0000006a   Code   RO         1104    i.HAL_I2CEx_ConfigDigitalFilter  stm32f7xx_hal_i2c_ex.o
    0x08000ba4   0x000000c4   Code   RO          686    i.HAL_I2C_Init      stm32f7xx_hal_i2c.o
    0x08000c68   0x00000058   Code   RO         2909    i.HAL_I2C_MspInit   stm32f7xx_hal_msp.o
    0x08000cc0   0x00000010   Code   RO          466    i.HAL_IncTick       stm32f7xx_hal.o
    0x08000cd0   0x00000016   Code   RO          467    i.HAL_Init          stm32f7xx_hal.o
    0x08000ce6   0x00000002   PAD
    0x08000ce8   0x00000028   Code   RO          468    i.HAL_InitTick      stm32f7xx_hal.o
    0x08000d10   0x00000056   Code   RO         2910    i.HAL_MspInit       stm32f7xx_hal_msp.o
    0x08000d66   0x0000001a   Code   RO         1288    i.HAL_NVIC_EnableIRQ  stm32f7xx_hal_cortex.o
    0x08000d80   0x0000007c   Code   RO         1294    i.HAL_NVIC_SetPriority  stm32f7xx_hal_cortex.o
    0x08000dfc   0x00000028   Code   RO         1295    i.HAL_NVIC_SetPriorityGrouping  stm32f7xx_hal_cortex.o
    0x08000e24   0x00000090   Code   RO         1535    i.HAL_PWREx_EnableOverDrive  stm32f7xx_hal_pwr_ex.o
    0x08000eb4   0x00000918   Code   RO         1623    i.HAL_RCCEx_PeriphCLKConfig  stm32f7xx_hal_rcc_ex.o
    0x080017cc   0x000001b4   Code   RO         1424    i.HAL_RCC_ClockConfig  stm32f7xx_hal_rcc.o
    0x08001980   0x0000000c   Code   RO         1429    i.HAL_RCC_GetHCLKFreq  stm32f7xx_hal_rcc.o
    0x0800198c   0x0000002c   Code   RO         1431    i.HAL_RCC_GetPCLK1Freq  stm32f7xx_hal_rcc.o
    0x080019b8   0x0000002c   Code   RO         1432    i.HAL_RCC_GetPCLK2Freq  stm32f7xx_hal_rcc.o
    0x080019e4   0x000000b4   Code   RO         1433    i.HAL_RCC_GetSysClockFreq  stm32f7xx_hal_rcc.o
    0x08001a98   0x000004e8   Code   RO         1436    i.HAL_RCC_OscConfig  stm32f7xx_hal_rcc.o
    0x08001f80   0x00000028   Code   RO         1297    i.HAL_SYSTICK_CLKSourceConfig  stm32f7xx_hal_cortex.o
    0x08001fa8   0x00000002   Code   RO         1298    i.HAL_SYSTICK_Callback  stm32f7xx_hal_cortex.o
    0x08001faa   0x00000034   Code   RO         1299    i.HAL_SYSTICK_Config  stm32f7xx_hal_cortex.o
    0x08001fde   0x00000008   Code   RO         1300    i.HAL_SYSTICK_IRQHandler  stm32f7xx_hal_cortex.o
    0x08001fe6   0x00000002   Code   RO         2591    i.HAL_TIMEx_BreakCallback  stm32f7xx_hal_tim_ex.o
    0x08001fe8   0x00000002   Code   RO         2592    i.HAL_TIMEx_CommutationCallback  stm32f7xx_hal_tim_ex.o
    0x08001fea   0x00000002   PAD
    0x08001fec   0x0000006c   Code   RO         2609    i.HAL_TIMEx_MasterConfigSynchronization  stm32f7xx_hal_tim_ex.o
    0x08002058   0x00000034   Code   RO         1659    i.HAL_TIM_Base_Init  stm32f7xx_hal_tim.o
    0x0800208c   0x0000007c   Code   RO         2912    i.HAL_TIM_Base_MspInit  stm32f7xx_hal_msp.o
    0x08002108   0x0000001e   Code   RO         1662    i.HAL_TIM_Base_Start  stm32f7xx_hal_tim.o
    0x08002126   0x0000001e   Code   RO         1664    i.HAL_TIM_Base_Start_IT  stm32f7xx_hal_tim.o
    0x08002144   0x00000038   Code   RO         1665    i.HAL_TIM_Base_Stop  stm32f7xx_hal_tim.o
    0x0800217c   0x00000002   Code   RO         1688    i.HAL_TIM_IC_CaptureCallback  stm32f7xx_hal_tim.o
    0x0800217e   0x000001b8   Code   RO         1701    i.HAL_TIM_IRQHandler  stm32f7xx_hal_tim.o
    0x08002336   0x00000002   Code   RO         1704    i.HAL_TIM_OC_DelayElapsedCallback  stm32f7xx_hal_tim.o
    0x08002338   0x00000002   Code   RO         1731    i.HAL_TIM_PWM_PulseFinishedCallback  stm32f7xx_hal_tim.o
    0x0800233a   0x00000002   PAD
    0x0800233c   0x00000264   Code   RO         2970    i.HAL_TIM_PeriodElapsedCallback  main.o
    0x080025a0   0x00000002   Code   RO         1742    i.HAL_TIM_TriggerCallback  stm32f7xx_hal_tim.o
    0x080025a2   0x00000002   PAD
    0x080025a4   0x00000020   Code   RO         2971    i.HAL_UART_ErrorCallback  main.o
    0x080025c4   0x00000160   Code   RO         2320    i.HAL_UART_IRQHandler  stm32f7xx_hal_uart.o
    0x08002724   0x00000078   Code   RO         2321    i.HAL_UART_Init     stm32f7xx_hal_uart.o
    0x0800279c   0x000000c8   Code   RO         2914    i.HAL_UART_MspInit  stm32f7xx_hal_msp.o
    0x08002864   0x000000bc   Code   RO         2326    i.HAL_UART_Receive_IT  stm32f7xx_hal_uart.o
    0x08002920   0x00000002   Code   RO         2327    i.HAL_UART_RxCpltCallback  stm32f7xx_hal_uart.o
    0x08002922   0x000000c6   Code   RO         2329    i.HAL_UART_Transmit  stm32f7xx_hal_uart.o
    0x080029e8   0x00000002   Code   RO         2332    i.HAL_UART_TxCpltCallback  stm32f7xx_hal_uart.o
    0x080029ea   0x00000004   Code   RO         3125    i.HardFault_Handler  stm32f7xx_it.o
    0x080029ee   0x00000002   PAD
    0x080029f0   0x0000043c   Code   RO         2972    i.IK                main.o
    0x08002e2c   0x00000190   Code   RO         2973    i.MX_GPIO_Init      main.o
    0x08002fbc   0x00000078   Code   RO         2974    i.MX_I2C1_Init      main.o
    0x08003034   0x0000005c   Code   RO         2975    i.MX_TIM6_Init      main.o
    0x08003090   0x0000005c   Code   RO         2976    i.MX_TIM7_Init      main.o
    0x080030ec   0x00000058   Code   RO         2977    i.MX_USART1_UART_Init  main.o
    0x08003144   0x00000058   Code   RO         2978    i.MX_USART3_UART_Init  main.o
    0x0800319c   0x00000004   Code   RO         3126    i.MemManage_Handler  stm32f7xx_it.o
    0x080031a0   0x00000002   Code   RO         3127    i.NMI_Handler       stm32f7xx_it.o
    0x080031a2   0x00000002   PAD
    0x080031a4   0x00000010   Code   RO         1301    i.NVIC_GetPriorityGrouping  stm32f7xx_hal_cortex.o
    0x080031b4   0x00000028   Code   RO         1302    i.NVIC_SetPriority  stm32f7xx_hal_cortex.o
    0x080031dc   0x00000002   Code   RO         3128    i.PendSV_Handler    stm32f7xx_it.o
    0x080031de   0x00000002   PAD
    0x080031e0   0x000000f8   Code   RO         2980    i.Rotate            main.o
    0x080032d8   0x00000002   Code   RO         3129    i.SVC_Handler       stm32f7xx_it.o
    0x080032da   0x00000002   PAD
    0x080032dc   0x0000004c   Code   RO         2981    i.SetServo          main.o
    0x08003328   0x0000005c   Code   RO         2982    i.SetupTimers       main.o
    0x08003384   0x00000060   Code   RO         2983    i.Sort              main.o
    0x080033e4   0x0000007c   Code   RO         2984    i.StartPosition     main.o
    0x08003460   0x0000000c   Code   RO         3130    i.SysTick_Handler   stm32f7xx_it.o
    0x0800346c   0x00000108   Code   RO         2985    i.SystemClock_Config  main.o
    0x08003574   0x00000064   Code   RO         2872    i.SystemInit        system_stm32f7xx.o
    0x080035d8   0x00000010   Code   RO         3131    i.TIM6_DAC_IRQHandler  stm32f7xx_it.o
    0x080035e8   0x00000010   Code   RO         3132    i.TIM7_IRQHandler   stm32f7xx_it.o
    0x080035f8   0x000000f0   Code   RO         1743    i.TIM_Base_SetConfig  stm32f7xx_hal_tim.o
    0x080036e8   0x000000c8   Code   RO         2986    i.TranslateLeg      main.o
    0x080037b0   0x000000ea   Code   RO         2334    i.UART_AdvFeatureConfig  stm32f7xx_hal_uart.o
    0x0800389a   0x0000004e   Code   RO         2335    i.UART_CheckIdleState  stm32f7xx_hal_uart.o
    0x080038e8   0x00000018   Code   RO         2336    i.UART_DMAAbortOnError  stm32f7xx_hal_uart.o
    0x08003900   0x00000020   Code   RO         2342    i.UART_EndRxTransfer  stm32f7xx_hal_uart.o
    0x08003920   0x00000020   Code   RO         2343    i.UART_EndTransmit_IT  stm32f7xx_hal_uart.o
    0x08003940   0x00000088   Code   RO         2345    i.UART_Receive_IT   stm32f7xx_hal_uart.o
    0x080039c8   0x0000038c   Code   RO         2346    i.UART_SetConfig    stm32f7xx_hal_uart.o
    0x08003d54   0x0000006a   Code   RO         2347    i.UART_Transmit_IT  stm32f7xx_hal_uart.o
    0x08003dbe   0x0000006c   Code   RO         2348    i.UART_WaitOnFlagUntilTimeout  stm32f7xx_hal_uart.o
    0x08003e2a   0x00000002   PAD
    0x08003e2c   0x00000010   Code   RO         3133    i.USART1_IRQHandler  stm32f7xx_it.o
    0x08003e3c   0x00000010   Code   RO         3134    i.USART3_IRQHandler  stm32f7xx_it.o
    0x08003e4c   0x00000004   Code   RO         3135    i.UsageFault_Handler  stm32f7xx_it.o
    0x08003e50   0x00000300   Code   RO         2987    i.Vector            main.o
    0x08004150   0x00000004   Code   RO         2988    i._Error_Handler    main.o
    0x08004154   0x00000030   Code   RO         3388    i.__ARM_fpclassify  m_wm.l(fpclassify.o)
    0x08004184   0x00000004   PAD
    0x08004188   0x00000358   Code   RO         3220    i.__hardfp_acos     m_wm.l(acos.o)
    0x080044e0   0x00000360   Code   RO         3234    i.__hardfp_asin     m_wm.l(asin.o)
    0x08004840   0x000002d8   Code   RO         3351    i.__hardfp_atan     m_wm.l(atan.o)
    0x08004b18   0x000001f0   Code   RO         3248    i.__hardfp_atan2    m_wm.l(atan2.o)
    0x08004d08   0x000000c8   Code   RO         3260    i.__hardfp_cos      m_wm.l(cos.o)
    0x08004dd0   0x00000c50   Code   RO         3272    i.__hardfp_pow      m_wm.l(pow.o)
    0x08005a20   0x000000c8   Code   RO         3286    i.__hardfp_sin      m_wm.l(sin.o)
    0x08005ae8   0x0000007a   Code   RO         3298    i.__hardfp_sqrt     m_wm.l(sqrt.o)
    0x08005b62   0x00000006   PAD
    0x08005b68   0x00000438   Code   RO         3393    i.__ieee754_rem_pio2  m_wm.l(rred.o)
    0x08005fa0   0x00000170   Code   RO         3365    i.__kernel_cos      m_wm.l(cos_i.o)
    0x08006110   0x000000f8   Code   RO         3390    i.__kernel_poly     m_wm.l(poly.o)
    0x08006208   0x00000130   Code   RO         3398    i.__kernel_sin      m_wm.l(sin_i.o)
    0x08006338   0x00000030   Code   RO         3368    i.__mathlib_dbl_divzero  m_wm.l(dunder.o)
    0x08006368   0x00000014   Code   RO         3369    i.__mathlib_dbl_infnan  m_wm.l(dunder.o)
    0x0800637c   0x00000014   Code   RO         3370    i.__mathlib_dbl_infnan2  m_wm.l(dunder.o)
    0x08006390   0x00000020   Code   RO         3371    i.__mathlib_dbl_invalid  m_wm.l(dunder.o)
    0x080063b0   0x00000020   Code   RO         3372    i.__mathlib_dbl_overflow  m_wm.l(dunder.o)
    0x080063d0   0x00000020   Code   RO         3374    i.__mathlib_dbl_underflow  m_wm.l(dunder.o)
    0x080063f0   0x0000000e   Code   RO         3456    i.__scatterload_copy  mc_w.l(handlers.o)
    0x080063fe   0x00000002   Code   RO         3457    i.__scatterload_null  mc_w.l(handlers.o)
    0x08006400   0x0000000e   Code   RO         3458    i.__scatterload_zeroinit  mc_w.l(handlers.o)
    0x0800640e   0x00000002   PAD
    0x08006410   0x0000000c   Code   RO         3432    i.__set_errno       mc_w.l(errno.o)
    0x0800641c   0x00000010   Code   RO         3353    i.atan              m_wm.l(atan.o)
    0x0800642c   0x00000018   Code   RO         3384    i.fabs              m_wm.l(fabs.o)
    0x08006444   0x00000050   Code   RO         3313    i.free              mc_w.l(malloc.o)
    0x08006494   0x00000214   Code   RO         2989    i.main              main.o
    0x080066a8   0x0000006c   Code   RO         3314    i.malloc            mc_w.l(malloc.o)
    0x08006714   0x0000006e   Code   RO         3300    i.sqrt              m_wm.l(sqrt.o)
    0x08006782   0x00000018   Data   RO         2873    .constdata          system_stm32f7xx.o
    0x0800679a   0x00000006   PAD
    0x080067a0   0x00000050   Data   RO         3223    .constdata          m_wm.l(acos.o)
    0x080067f0   0x00000050   Data   RO         3237    .constdata          m_wm.l(asin.o)
    0x08006840   0x00000088   Data   RO         3275    .constdata          m_wm.l(pow.o)
    0x080068c8   0x00000098   Data   RO         3354    .constdata          m_wm.l(atan.o)
    0x08006960   0x00000030   Data   RO         3366    .constdata          m_wm.l(cos_i.o)
    0x08006990   0x00000008   Data   RO         3392    .constdata          m_wm.l(qnan.o)
    0x08006998   0x000000c8   Data   RO         3395    .constdata          m_wm.l(rred.o)
    0x08006a60   0x00000028   Data   RO         3399    .constdata          m_wm.l(sin_i.o)
    0x08006a88   0x00000020   Data   RO         3454    Region$$Table       anon$$obj.o


    Execution Region RW_IRAM1 (Base: 0x20000000, Size: 0x00000b00, Max: 0x00050000, ABSOLUTE, COMPRESSED[0x000000b4])

    Base Addr    Size         Type   Attr      Idx    E Section Name        Object

    0x20000000   0x00000004   Data   RW          473    .data               stm32f7xx_hal.o
    0x20000004   0x00000004   Data   RW         2874    .data               system_stm32f7xx.o
    0x20000008   0x00000184   Data   RW         2991    .data               main.o
    0x2000018c   0x00000004   Data   RW         3428    .data               mc_w.l(mvars.o)
    0x20000190   0x00000004   Data   RW         3429    .data               mc_w.l(mvars.o)
    0x20000194   0x00000004   Data   RW         3433    .data               mc_w.l(errno.o)
    0x20000198   0x00000368   Zero   RW         2990    .bss                main.o
    0x20000500   0x00000200   Zero   RW         2862    HEAP                startup_stm32f756xx.o
    0x20000700   0x00000400   Zero   RW         2861    STACK               startup_stm32f756xx.o


==============================================================================

Image component sizes


      Code (inc. data)   RO Data    RW Data    ZI Data      Debug   Object Name

      5084        500          0        388        872      16967   main.o
        36          8        456          0       1536        844   startup_stm32f756xx.o
        90         14          0          4          0       3439   stm32f7xx_hal.o
       348         22          0          0          0      38061   stm32f7xx_hal_cortex.o
        40          0          0          0          0       1219   stm32f7xx_hal_dma.o
         0          0          0          0          0     819964   stm32f7xx_hal_flash.o
       556         52          0          0          0       3205   stm32f7xx_hal_gpio.o
       196          4          0          0          0       2759   stm32f7xx_hal_i2c.o
       212          0          0          0          0       2075   stm32f7xx_hal_i2c_ex.o
       498         46          0          0          0       3138   stm32f7xx_hal_msp.o
       144          8          0          0          0       1356   stm32f7xx_hal_pwr_ex.o
      1972         62          0          0          0       5792   stm32f7xx_hal_rcc.o
      2328         26          0          0          0       2340   stm32f7xx_hal_rcc_ex.o
       856         44          0          0          0       7444   stm32f7xx_hal_tim.o
       112         10          0          0          0       2702   stm32f7xx_hal_tim_ex.o
      2520         54          0          0          0      12437   stm32f7xx_hal_uart.o
       100         24          0          0          0       6610   stm32f7xx_it.o
       100         18         24          4          0       1275   system_stm32f7xx.o

    ----------------------------------------------------------------------
     15212        892        518        396       2408     931627   Object Totals
         0          0         32          0          0          0   (incl. Generated)
        20          0          6          0          0          0   (incl. Padding)

    ----------------------------------------------------------------------

      Code (inc. data)   RO Data    RW Data    ZI Data      Debug   Library Member Name

       856        118         80          0          0        288   acos.o
       864         94         80          0          0        280   asin.o
       744        106        152          0          0        352   atan.o
       496         64          0          0          0        192   atan2.o
       200         20          0          0          0        164   cos.o
       368         46         48          0          0        200   cos_i.o
       184         44          0          0          0        744   dunder.o
        24          0          0          0          0        124   fabs.o
        48          0          0          0          0        124   fpclassify.o
       248          0          0          0          0        152   poly.o
      3152        296        136          0          0        352   pow.o
         0          0          8          0          0          0   qnan.o
      1080        142        200          0          0        188   rred.o
       200         20          0          0          0        164   sin.o
       304         24         40          0          0        208   sin_i.o
       232          0          0          0          0        296   sqrt.o
        86          0          0          0          0          0   __dczerorl2.o
         0          0          0          0          0          0   entry.o
         0          0          0          0          0          0   entry10a.o
         0          0          0          0          0          0   entry11a.o
         8          4          0          0          0          0   entry2.o
         4          0          0          0          0          0   entry5.o
         0          0          0          0          0          0   entry7b.o
         0          0          0          0          0          0   entry8b.o
         8          4          0          0          0          0   entry9a.o
        12          6          0          4          0         68   errno.o
        30          0          0          0          0          0   handlers.o
        36          8          0          0          0         68   init.o
         0          0          0          0          0          0   iusefp.o
        30          0          0          0          0         68   llshl.o
        36          0          0          0          0         68   llsshr.o
        32          0          0          0          0         68   llushr.o
       188         20          0          0          0        160   malloc.o
         0          0          0          8          0          0   mvars.o
        48          0          0          0          0         68   cdrcmple.o
       334          0          0          0          0        148   dadd.o
       222          0          0          0          0        100   ddiv.o
       186          0          0          0          0        176   depilogue.o
        62          0          0          0          0         80   dfixi.o
        34          0          0          0          0         76   dflti.o
        26          0          0          0          0         76   dfltui.o
       228          0          0          0          0         96   dmul.o
        46          0          0          0          0         80   dscalb.o
       162          0          0          0          0        100   dsqrt.o

    ----------------------------------------------------------------------
     10830       1016        744         12          0       5328   Library Totals
        12          0          0          0          0          0   (incl. Padding)

    ----------------------------------------------------------------------

      Code (inc. data)   RO Data    RW Data    ZI Data      Debug   Library Name

      9000        974        744          0          0       3828   m_wm.l
       470         42          0         12          0        500   mc_w.l
      1348          0          0          0          0       1000   mf_w.l

    ----------------------------------------------------------------------
     10830       1016        744         12          0       5328   Library Totals

    ----------------------------------------------------------------------

==============================================================================


      Code (inc. data)   RO Data    RW Data    ZI Data      Debug   

     26042       1908       1262        408       2408     925511   Grand Totals
     26042       1908       1262        180       2408     925511   ELF Image Totals (compressed)
     26042       1908       1262        180          0          0   ROM Totals

==============================================================================

    Total RO  Size (Code + RO Data)                27304 (  26.66kB)
    Total RW  Size (RW Data + ZI Data)              2816 (   2.75kB)
    Total ROM Size (Code + RO Data + RW Data)      27484 (  26.84kB)

==============================================================================

